Component: ARM Compiler 5.06 update 2 (build 183) Tool: armlink [4d35b7]

==============================================================================

Section Cross References

    usbd_ctlreq.o(i.USBD_CtlError) refers to usbd_conf.o(i.USBD_LL_StallEP) for USBD_LL_StallEP
    usbd_ctlreq.o(i.USBD_GetDescriptor) refers to usbd_ctlreq.o(i.USBD_CtlError) for USBD_CtlError
    usbd_ctlreq.o(i.USBD_GetDescriptor) refers to usbd_ioreq.o(i.USBD_CtlSendData) for USBD_CtlSendData
    usbd_ctlreq.o(i.USBD_SetConfig) refers to usbd_core.o(i.USBD_ClrClassConfig) for USBD_ClrClassConfig
    usbd_ctlreq.o(i.USBD_SetConfig) refers to usbd_core.o(i.USBD_SetClassConfig) for USBD_SetClassConfig
    usbd_ctlreq.o(i.USBD_SetConfig) refers to usbd_ioreq.o(i.USBD_CtlSendStatus) for USBD_CtlSendStatus
    usbd_ctlreq.o(i.USBD_SetConfig) refers to usbd_ctlreq.o(i.USBD_CtlError) for USBD_CtlError
    usbd_ctlreq.o(i.USBD_SetConfig) refers to usbd_ctlreq.o(.data) for .data
    usbd_ctlreq.o(i.USBD_StdDevReq) refers to usbd_ctlreq.o(i.USBD_GetDescriptor) for USBD_GetDescriptor
    usbd_ctlreq.o(i.USBD_StdDevReq) refers to usbd_conf.o(i.USBD_LL_SetUSBAddress) for USBD_LL_SetUSBAddress
    usbd_ctlreq.o(i.USBD_StdDevReq) refers to usbd_ioreq.o(i.USBD_CtlSendStatus) for USBD_CtlSendStatus
    usbd_ctlreq.o(i.USBD_StdDevReq) refers to usbd_ctlreq.o(i.USBD_SetConfig) for USBD_SetConfig
    usbd_ctlreq.o(i.USBD_StdDevReq) refers to usbd_ctlreq.o(i.USBD_CtlError) for USBD_CtlError
    usbd_ctlreq.o(i.USBD_StdDevReq) refers to usbd_ioreq.o(i.USBD_CtlSendData) for USBD_CtlSendData
    usbd_ctlreq.o(i.USBD_StdEPReq) refers to usbd_conf.o(i.USBD_LL_StallEP) for USBD_LL_StallEP
    usbd_ctlreq.o(i.USBD_StdEPReq) refers to usbd_conf.o(i.USBD_LL_ClearStallEP) for USBD_LL_ClearStallEP
    usbd_ctlreq.o(i.USBD_StdEPReq) refers to usbd_ioreq.o(i.USBD_CtlSendStatus) for USBD_CtlSendStatus
    usbd_ctlreq.o(i.USBD_StdEPReq) refers to usbd_ctlreq.o(i.USBD_CtlError) for USBD_CtlError
    usbd_ctlreq.o(i.USBD_StdEPReq) refers to usbd_conf.o(i.USBD_LL_IsStallEP) for USBD_LL_IsStallEP
    usbd_ctlreq.o(i.USBD_StdEPReq) refers to usbd_ioreq.o(i.USBD_CtlSendData) for USBD_CtlSendData
    usbd_ctlreq.o(i.USBD_StdItfReq) refers to usbd_ioreq.o(i.USBD_CtlSendStatus) for USBD_CtlSendStatus
    usbd_ctlreq.o(i.USBD_StdItfReq) refers to usbd_ctlreq.o(i.USBD_CtlError) for USBD_CtlError
    usbd_cdc.o(i.USBD_CDC_DataOut) refers to usbd_conf.o(i.USBD_LL_GetRxDataSize) for USBD_LL_GetRxDataSize
    usbd_cdc.o(i.USBD_CDC_DeInit) refers to usbd_conf.o(i.USBD_LL_CloseEP) for USBD_LL_CloseEP
    usbd_cdc.o(i.USBD_CDC_DeInit) refers to malloc.o(i.free) for free
    usbd_cdc.o(i.USBD_CDC_GetDeviceQualifierDescriptor) refers to usbd_cdc.o(.data) for .data
    usbd_cdc.o(i.USBD_CDC_GetFSCfgDesc) refers to usbd_cdc.o(.data) for .data
    usbd_cdc.o(i.USBD_CDC_GetHSCfgDesc) refers to usbd_cdc.o(.data) for .data
    usbd_cdc.o(i.USBD_CDC_GetOtherSpeedCfgDesc) refers to usbd_cdc.o(.data) for .data
    usbd_cdc.o(i.USBD_CDC_Init) refers to usbd_conf.o(i.USBD_LL_OpenEP) for USBD_LL_OpenEP
    usbd_cdc.o(i.USBD_CDC_Init) refers to malloc.o(i.malloc) for malloc
    usbd_cdc.o(i.USBD_CDC_Init) refers to usbd_conf.o(i.USBD_LL_PrepareReceive) for USBD_LL_PrepareReceive
    usbd_cdc.o(i.USBD_CDC_ReceivePacket) refers to usbd_conf.o(i.USBD_LL_PrepareReceive) for USBD_LL_PrepareReceive
    usbd_cdc.o(i.USBD_CDC_Setup) refers to usbd_ioreq.o(i.USBD_CtlPrepareRx) for USBD_CtlPrepareRx
    usbd_cdc.o(i.USBD_CDC_Setup) refers to usbd_ioreq.o(i.USBD_CtlSendData) for USBD_CtlSendData
    usbd_cdc.o(i.USBD_CDC_Setup) refers to usbd_cdc.o(.data) for .data
    usbd_cdc.o(i.USBD_CDC_TransmitPacket) refers to usbd_conf.o(i.USBD_LL_Transmit) for USBD_LL_Transmit
    usbd_cdc.o(.data) refers to usbd_cdc.o(i.USBD_CDC_Init) for USBD_CDC_Init
    usbd_cdc.o(.data) refers to usbd_cdc.o(i.USBD_CDC_DeInit) for USBD_CDC_DeInit
    usbd_cdc.o(.data) refers to usbd_cdc.o(i.USBD_CDC_Setup) for USBD_CDC_Setup
    usbd_cdc.o(.data) refers to usbd_cdc.o(i.USBD_CDC_EP0_RxReady) for USBD_CDC_EP0_RxReady
    usbd_cdc.o(.data) refers to usbd_cdc.o(i.USBD_CDC_DataIn) for USBD_CDC_DataIn
    usbd_cdc.o(.data) refers to usbd_cdc.o(i.USBD_CDC_DataOut) for USBD_CDC_DataOut
    usbd_cdc.o(.data) refers to usbd_cdc.o(i.USBD_CDC_GetHSCfgDesc) for USBD_CDC_GetHSCfgDesc
    usbd_cdc.o(.data) refers to usbd_cdc.o(i.USBD_CDC_GetFSCfgDesc) for USBD_CDC_GetFSCfgDesc
    usbd_cdc.o(.data) refers to usbd_cdc.o(i.USBD_CDC_GetOtherSpeedCfgDesc) for USBD_CDC_GetOtherSpeedCfgDesc
    usbd_cdc.o(.data) refers to usbd_cdc.o(i.USBD_CDC_GetDeviceQualifierDescriptor) for USBD_CDC_GetDeviceQualifierDescriptor
    usbd_ioreq.o(i.USBD_CtlContinueRx) refers to usbd_conf.o(i.USBD_LL_PrepareReceive) for USBD_LL_PrepareReceive
    usbd_ioreq.o(i.USBD_CtlContinueSendData) refers to usbd_conf.o(i.USBD_LL_Transmit) for USBD_LL_Transmit
    usbd_ioreq.o(i.USBD_CtlPrepareRx) refers to usbd_conf.o(i.USBD_LL_PrepareReceive) for USBD_LL_PrepareReceive
[...]
    i.HAL_DCMI_VsyncEventCallback            0x080010ac   Section        0  stm32f4xx_hal_dcmi.o(i.HAL_DCMI_VsyncEventCallback)
    i.HAL_DMAEx_ChangeMemory                 0x080010ae   Section        0  stm32f4xx_hal_dma_ex.o(i.HAL_DMAEx_ChangeMemory)
    i.HAL_DMAEx_MultiBufferStart_IT          0x080010bc   Section        0  stm32f4xx_hal_dma_ex.o(i.HAL_DMAEx_MultiBufferStart_IT)
    i.HAL_DMA_Abort_IT                       0x08001a50   Section        0  stm32f4xx_hal_dma.o(i.HAL_DMA_Abort_IT)
    i.HAL_DMA_IRQHandler                     0x08001a74   Section        0  stm32f4xx_hal_dma.o(i.HAL_DMA_IRQHandler)
    i.HAL_DMA_Init                           0x08001c1c   Section        0  stm32f4xx_hal_dma.o(i.HAL_DMA_Init)
    i.HAL_DMA_Start_IT                       0x08001cec   Section        0  stm32f4xx_hal_dma.o(i.HAL_DMA_Start_IT)
    i.HAL_Delay                              0x08001d64   Section        0  stm32f4xx_hal.o(i.HAL_Delay)
    i.HAL_GPIO_Init                          0x08001d7c   Section        0  stm32f4xx_hal_gpio.o(i.HAL_GPIO_Init)
    i.HAL_GPIO_WritePin                      0x08001f3c   Section        0  stm32f4xx_hal_gpio.o(i.HAL_GPIO_WritePin)
    i.HAL_GetTick                            0x08001f48   Section        0  stm32f4xx_hal.o(i.HAL_GetTick)
    i.HAL_I2C_Init                           0x08001f54   Section        0  stm32f4xx_hal_i2c.o(i.HAL_I2C_Init)
    i.HAL_I2C_Mem_Read                       0x0800205c   Section        0  stm32f4xx_hal_i2c.o(i.HAL_I2C_Mem_Read)
    i.HAL_I2C_Mem_Write                      0x08002248   Section        0  stm32f4xx_hal_i2c.o(i.HAL_I2C_Mem_Write)
    i.HAL_I2C_MspInit                        0x08002348   Section        0  stm32f4xx_hal_msp.o(i.HAL_I2C_MspInit)
    i.HAL_IncTick                            0x08002394   Section        0  stm32f4xx_hal.o(i.HAL_IncTick)
    i.HAL_Init                               0x080023a4   Section        0  stm32f4xx_hal.o(i.HAL_Init)
    i.HAL_InitTick                           0x080023d8   Section        0  stm32f4xx_hal.o(i.HAL_InitTick)
    i.HAL_MspInit                            0x08002400   Section        0  stm32f4xx_hal_msp.o(i.HAL_MspInit)
    i.HAL_NVIC_ClearPendingIRQ               0x08002458   Section        0  stm32f4xx_hal_cortex.o(i.HAL_NVIC_ClearPendingIRQ)
    i.HAL_NVIC_EnableIRQ                     0x0800246e   Section        0  stm32f4xx_hal_cortex.o(i.HAL_NVIC_EnableIRQ)
    i.HAL_NVIC_SetPriority                   0x08002484   Section        0  stm32f4xx_hal_cortex.o(i.HAL_NVIC_SetPriority)
    i.HAL_NVIC_SetPriorityGrouping           0x080024c4   Section        0  stm32f4xx_hal_cortex.o(i.HAL_NVIC_SetPriorityGrouping)
    i.HAL_PCDEx_SetRxFiFo                    0x080024e8   Section        0  stm32f4xx_hal_pcd_ex.o(i.HAL_PCDEx_SetRxFiFo)
    i.HAL_PCDEx_SetTxFiFo                    0x080024f0   Section        0  stm32f4xx_hal_pcd_ex.o(i.HAL_PCDEx_SetTxFiFo)
    i.HAL_PCD_ConnectCallback                0x08002534   Section        0  usbd_conf.o(i.HAL_PCD_ConnectCallback)
    i.HAL_PCD_DataInStageCallback            0x0800253c   Section        0  usbd_conf.o(i.HAL_PCD_DataInStageCallback)
    i.HAL_PCD_DataOutStageCallback           0x0800254e   Section        0  usbd_conf.o(i.HAL_PCD_DataOutStageCallback)
    i.HAL_PCD_DisconnectCallback             0x08002562   Section        0  usbd_conf.o(i.HAL_PCD_DisconnectCallback)
    i.HAL_PCD_EP_Close                       0x0800256a   Section        0  stm32f4xx_hal_pcd.o(i.HAL_PCD_EP_Close)
    i.HAL_PCD_EP_ClrStall                    0x080025ae   Section        0  stm32f4xx_hal_pcd.o(i.HAL_PCD_EP_ClrStall)
    i.HAL_PCD_EP_GetRxCount                  0x080025fe   Section        0  stm32f4xx_hal_pcd.o(i.HAL_PCD_EP_GetRxCount)
    i.HAL_PCD_EP_Open                        0x08002612   Section        0  stm32f4xx_hal_pcd.o(i.HAL_PCD_EP_Open)
    i.HAL_PCD_EP_Receive                     0x08002668   Section        0  stm32f4xx_hal_pcd.o(i.HAL_PCD_EP_Receive)
    i.HAL_PCD_EP_SetStall                    0x080026c6   Section        0  stm32f4xx_hal_pcd.o(i.HAL_PCD_EP_SetStall)
    i.HAL_PCD_EP_Transmit                    0x08002726   Section        0  stm32f4xx_hal_pcd.o(i.HAL_PCD_EP_Transmit)
    i.HAL_PCD_IRQHandler                     0x0800277c   Section        0  stm32f4xx_hal_pcd.o(i.HAL_PCD_IRQHandler)
    i.HAL_PCD_ISOINIncompleteCallback        0x08002b7a   Section        0  usbd_conf.o(i.HAL_PCD_ISOINIncompleteCallback)
    i.HAL_PCD_ISOOUTIncompleteCallback       0x08002b82   Section        0  usbd_conf.o(i.HAL_PCD_ISOOUTIncompleteCallback)
    i.HAL_PCD_Init                           0x08002b8c   Section        0  stm32f4xx_hal_pcd.o(i.HAL_PCD_Init)
    i.HAL_PCD_MspInit                        0x08002c4c   Section        0  usbd_conf.o(i.HAL_PCD_MspInit)
    i.HAL_PCD_ResetCallback                  0x08002cb0   Section        0  usbd_conf.o(i.HAL_PCD_ResetCallback)
    i.HAL_PCD_ResumeCallback                 0x08002cd0   Section        0  usbd_conf.o(i.HAL_PCD_ResumeCallback)
    i.HAL_PCD_SOFCallback                    0x08002cd8   Section        0  usbd_conf.o(i.HAL_PCD_SOFCallback)
    i.HAL_PCD_SetAddress                     0x08002ce0   Section        0  stm32f4xx_hal_pcd.o(i.HAL_PCD_SetAddress)
    i.HAL_PCD_SetupStageCallback             0x08002d04   Section        0  usbd_conf.o(i.HAL_PCD_SetupStageCallback)
    i.HAL_PCD_Start                          0x08002d12   Section        0  stm32f4xx_hal_pcd.o(i.HAL_PCD_Start)
    i.HAL_PCD_SuspendCallback                0x08002d3c   Section        0  usbd_conf.o(i.HAL_PCD_SuspendCallback)
    i.HAL_RCC_ClockConfig                    0x08002d6c   Section        0  stm32f4xx_hal_rcc.o(i.HAL_RCC_ClockConfig)
    i.HAL_RCC_GetHCLKFreq                    0x08002ee8   Section        0  stm32f4xx_hal_rcc.o(i.HAL_RCC_GetHCLKFreq)
    i.HAL_RCC_GetPCLK1Freq                   0x08002ef4   Section        0  stm32f4xx_hal_rcc.o(i.HAL_RCC_GetPCLK1Freq)
    i.HAL_RCC_GetPCLK2Freq                   0x08002f24   Section        0  stm32f4xx_hal_rcc.o(i.HAL_RCC_GetPCLK2Freq)
    i.HAL_RCC_GetSysClockFreq                0x08002f54   Section        0  stm32f4xx_hal_rcc.o(i.HAL_RCC_GetSysClockFreq)
    i.HAL_RCC_OscConfig                      0x08002fc4   Section        0  stm32f4xx_hal_rcc.o(i.HAL_RCC_OscConfig)
    i.HAL_SYSTICK_CLKSourceConfig            0x080032a8   Section        0  stm32f4xx_hal_cortex.o(i.HAL_SYSTICK_CLKSourceConfig)
    i.HAL_SYSTICK_Callback                   0x080032c0   Section        0  stm32f4xx_hal_cortex.o(i.HAL_SYSTICK_Callback)
    i.HAL_SYSTICK_Config                     0x080032c2   Section        0  stm32f4xx_hal_cortex.o(i.HAL_SYSTICK_Config)
    i.HAL_SYSTICK_IRQHandler                 0x080032ea   Section        0  stm32f4xx_hal_cortex.o(i.HAL_SYSTICK_IRQHandler)
    i.HAL_TIMEx_MasterConfigSynchronization  0x080032f2   Section        0  stm32f4xx_hal_tim_ex.o(i.HAL_TIMEx_MasterConfigSynchronization)
    i.HAL_TIM_Base_Init                      0x08003342   Section        0  stm32f4xx_hal_tim.o(i.HAL_TIM_Base_Init)
    i.HAL_TIM_Base_MspInit                   0x08003378   Section        0  stm32f4xx_hal_msp.o(i.HAL_TIM_Base_MspInit)
    i.HAL_TIM_ConfigClockSource              0x080033a0   Section        0  stm32f4xx_hal_tim.o(i.HAL_TIM_ConfigClockSource)
    i.HAL_TIM_MspPostInit                    0x08003494   Section        0  stm32f4xx_hal_msp.o(i.HAL_TIM_MspPostInit)
    i.HAL_TIM_PWM_ConfigChannel              0x080034c4   Section        0  stm32f4xx_hal_tim.o(i.HAL_TIM_PWM_ConfigChannel)
    i.HAL_TIM_PWM_Init                       0x08003594   Section        0  stm32f4xx_hal_tim.o(i.HAL_TIM_PWM_Init)
    i.HAL_TIM_PWM_MspInit                    0x080035ca   Section        0  stm32f4xx_hal_tim.o(i.HAL_TIM_PWM_MspInit)
    i.HAL_TIM_PWM_Start                      0x080035cc   Section        0  stm32f4xx_hal_tim.o(i.HAL_TIM_PWM_Start)
    i.HAL_UART_Init                          0x08003604   Section        0  stm32f4xx_hal_uart.o(i.HAL_UART_Init)
    i.HAL_UART_MspInit                       0x08003668   Section        0  stm32f4xx_hal_msp.o(i.HAL_UART_MspInit)
    i.I2C_IsAcknowledgeFailed                0x080036b4   Section        0  stm32f4xx_hal_i2c.o(i.I2C_IsAcknowledgeFailed)
    I2C_IsAcknowledgeFailed                  0x080036b5   Thumb Code    40  stm32f4xx_hal_i2c.o(i.I2C_IsAcknowledgeFailed)
    i.I2C_RequestMemoryRead                  0x080036dc   Section        0  stm32f4xx_hal_i2c.o(i.I2C_RequestMemoryRead)
    I2C_RequestMemoryRead                    0x080036dd   Thumb Code   240  stm32f4xx_hal_i2c.o(i.I2C_RequestMemoryRead)
    i.I2C_RequestMemoryWrite                 0x080037cc   Section        0  stm32f4xx_hal_i2c.o(i.I2C_RequestMemoryWrite)
    I2C_RequestMemoryWrite                   0x080037cd   Thumb Code   156  stm32f4xx_hal_i2c.o(i.I2C_RequestMemoryWrite)
    i.I2C_WaitOnBTFFlagUntilTimeout          0x0800386c   Section        0  stm32f4xx_hal_i2c.o(i.I2C_WaitOnBTFFlagUntilTimeout)
    I2C_WaitOnBTFFlagUntilTimeout            0x0800386d   Thumb Code    78  stm32f4xx_hal_i2c.o(i.I2C_WaitOnBTFFlagUntilTimeout)
    i.I2C_WaitOnFlagUntilTimeout             0x080038bc   Section        0  stm32f4xx_hal_i2c.o(i.I2C_WaitOnFlagUntilTimeout)
    I2C_WaitOnFlagUntilTimeout               0x080038bd   Thumb Code    96  stm32f4xx_hal_i2c.o(i.I2C_WaitOnFlagUntilTimeout)
    i.I2C_WaitOnMasterAddressFlagUntilTimeout 0x0800391c   Section        0  stm32f4xx_hal_i2c.o(i.I2C_WaitOnMasterAddressFlagUntilTimeout)
    I2C_WaitOnMasterAddressFlagUntilTimeout  0x0800391d   Thumb Code   136  stm32f4xx_hal_i2c.o(i.I2C_WaitOnMasterAddressFlagUntilTimeout)
    i.I2C_WaitOnRXNEFlagUntilTimeout         0x080039a4   Section        0  stm32f4xx_hal_i2c.o(i.I2C_WaitOnRXNEFlagUntilTimeout)
    I2C_WaitOnRXNEFlagUntilTimeout           0x080039a5   Thumb Code    98  stm32f4xx_hal_i2c.o(i.I2C_WaitOnRXNEFlagUntilTimeout)
    i.I2C_WaitOnTXEFlagUntilTimeout          0x08003a06   Section        0  stm32f4xx_hal_i2c.o(i.I2C_WaitOnTXEFlagUntilTimeout)
    I2C_WaitOnTXEFlagUntilTimeout            0x08003a07   Thumb Code    78  stm32f4xx_hal_i2c.o(i.I2C_WaitOnTXEFlagUntilTimeout)
    i.MX_GPIO_Init                           0x08003a54   Section        0  main.o(i.MX_GPIO_Init)
    MX_GPIO_Init                             0x08003a55   Thumb Code   178  main.o(i.MX_GPIO_Init)
    i.MX_TIM3_Init                           0x08003b14   Section        0  main.o(i.MX_TIM3_Init)
    MX_TIM3_Init                             0x08003b15   Thumb Code   110  main.o(i.MX_TIM3_Init)
    i.MX_USB_DEVICE_Init                     0x08003b8c   Section        0  usb_device.o(i.MX_USB_DEVICE_Init)
    i.NVIC_SetPriority                       0x08003bc4   Section        0  stm32f4xx_hal_cortex.o(i.NVIC_SetPriority)
    NVIC_SetPriority                         0x08003bc5   Thumb Code    32  stm32f4xx_hal_cortex.o(i.NVIC_SetPriority)
    i.OTG_FS_IRQHandler                      0x08003be4   Section        0  stm32f4xx_it.o(i.OTG_FS_IRQHandler)
    i.PCD_WriteEmptyTxFifo                   0x08003bf0   Section        0  stm32f4xx_hal_pcd.o(i.PCD_WriteEmptyTxFifo)
    PCD_WriteEmptyTxFifo                     0x08003bf1   Thumb Code   136  stm32f4xx_hal_pcd.o(i.PCD_WriteEmptyTxFifo)
    i.PendSV_Handler                         0x08003c78   Section        0  stm32f4xx_it.o(i.PendSV_Handler)
    i.SVC_Handler                            0x08003c7a   Section        0  stm32f4xx_it.o(i.SVC_Handler)
    i.SysTick_Handler                        0x08003c7c   Section        0  stm32f4xx_it.o(i.SysTick_Handler)
    i.SystemClock_Config                     0x08003c8c   Section        0  main.o(i.SystemClock_Config)
    i.SystemInit                             0x08003d28   Section        0  system_stm32f4xx.o(i.SystemInit)
    i.TIM_Base_SetConfig                     0x08003d7c   Section        0  stm32f4xx_hal_tim.o(i.TIM_Base_SetConfig)
    i.TIM_CCxChannelCmd                      0x08003e3c   Section        0  stm32f4xx_hal_tim.o(i.TIM_CCxChannelCmd)
    i.TIM_ETR_SetConfig                      0x08003e52   Section        0  stm32f4xx_hal_tim.o(i.TIM_ETR_SetConfig)
    TIM_ETR_SetConfig                        0x08003e53   Thumb Code    20  stm32f4xx_hal_tim.o(i.TIM_ETR_SetConfig)
    i.TIM_ITRx_SetConfig                     0x08003e66   Section        0  stm32f4xx_hal_tim.o(i.TIM_ITRx_SetConfig)
    TIM_ITRx_SetConfig                       0x08003e67   Thumb Code    16  stm32f4xx_hal_tim.o(i.TIM_ITRx_SetConfig)
    i.TIM_OC1_SetConfig                      0x08003e78   Section        0  stm32f4xx_hal_tim.o(i.TIM_OC1_SetConfig)
    TIM_OC1_SetConfig                        0x08003e79   Thumb Code    80  stm32f4xx_hal_tim.o(i.TIM_OC1_SetConfig)
    i.TIM_OC2_SetConfig                      0x08003ed0   Section        0  stm32f4xx_hal_tim.o(i.TIM_OC2_SetConfig)
    i.TIM_OC3_SetConfig                      0x08003f34   Section        0  stm32f4xx_hal_tim.o(i.TIM_OC3_SetConfig)
    TIM_OC3_SetConfig                        0x08003f35   Thumb Code    88  stm32f4xx_hal_tim.o(i.TIM_OC3_SetConfig)
    i.TIM_OC4_SetConfig                      0x08003f94   Section        0  stm32f4xx_hal_tim.o(i.TIM_OC4_SetConfig)
    TIM_OC4_SetConfig                        0x08003f95   Thumb Code    70  stm32f4xx_hal_tim.o(i.TIM_OC4_SetConfig)
    i.TIM_TI1_ConfigInputStage               0x08003fe4   Section        0  stm32f4xx_hal_tim.o(i.TIM_TI1_ConfigInputStage)
    TIM_TI1_ConfigInputStage                 0x08003fe5   Thumb Code    34  stm32f4xx_hal_tim.o(i.TIM_TI1_ConfigInputStage)
    i.TIM_TI2_ConfigInputStage               0x08004006   Section        0  stm32f4xx_hal_tim.o(i.TIM_TI2_ConfigInputStage)
    TIM_TI2_ConfigInputStage                 0x08004007   Thumb Code    36  stm32f4xx_hal_tim.o(i.TIM_TI2_ConfigInputStage)
    i.UART_SetConfig                         0x0800402c   Section        0  stm32f4xx_hal_uart.o(i.UART_SetConfig)
    UART_SetConfig                           0x0800402d   Thumb Code   676  stm32f4xx_hal_uart.o(i.UART_SetConfig)
    i.USBD_CDC_DataIn                        0x080042d8   Section        0  usbd_cdc.o(i.USBD_CDC_DataIn)
    USBD_CDC_DataIn                          0x080042d9   Thumb Code    20  usbd_cdc.o(i.USBD_CDC_DataIn)
    i.USBD_CDC_DataOut                       0x080042ec   Section        0  usbd_cdc.o(i.USBD_CDC_DataOut)
    USBD_CDC_DataOut                         0x080042ed   Thumb Code    46  usbd_cdc.o(i.USBD_CDC_DataOut)
    i.USBD_CDC_DeInit                        0x0800431a   Section        0  usbd_cdc.o(i.USBD_CDC_DeInit)
    USBD_CDC_DeInit                          0x0800431b   Thumb Code    60  usbd_cdc.o(i.USBD_CDC_DeInit)
    i.USBD_CDC_EP0_RxReady                   0x08004356   Section        0  usbd_cdc.o(i.USBD_CDC_EP0_RxReady)
    USBD_CDC_EP0_RxReady                     0x08004357   Thumb Code    36  usbd_cdc.o(i.USBD_CDC_EP0_RxReady)
    i.USBD_CDC_GetDeviceQualifierDescriptor  0x0800437c   Section        0  usbd_cdc.o(i.USBD_CDC_GetDeviceQualifierDescriptor)
    i.USBD_CDC_GetFSCfgDesc                  0x08004388   Section        0  usbd_cdc.o(i.USBD_CDC_GetFSCfgDesc)
    USBD_CDC_GetFSCfgDesc                    0x08004389   Thumb Code     8  usbd_cdc.o(i.USBD_CDC_GetFSCfgDesc)
    i.USBD_CDC_GetHSCfgDesc                  0x08004394   Section        0  usbd_cdc.o(i.USBD_CDC_GetHSCfgDesc)
    USBD_CDC_GetHSCfgDesc                    0x08004395   Thumb Code     8  usbd_cdc.o(i.USBD_CDC_GetHSCfgDesc)
    i.USBD_CDC_GetOtherSpeedCfgDesc          0x080043a0   Section        0  usbd_cdc.o(i.USBD_CDC_GetOtherSpeedCfgDesc)
    USBD_CDC_GetOtherSpeedCfgDesc            0x080043a1   Thumb Code     8  usbd_cdc.o(i.USBD_CDC_GetOtherSpeedCfgDesc)
    i.USBD_CDC_Init                          0x080043ac   Section        0  usbd_cdc.o(i.USBD_CDC_Init)
    USBD_CDC_Init                            0x080043ad   Thumb Code   136  usbd_cdc.o(i.USBD_CDC_Init)
    i.USBD_CDC_ReceivePacket                 0x08004434   Section        0  usbd_cdc.o(i.USBD_CDC_ReceivePacket)
    i.USBD_CDC_RegisterInterface             0x0800445c   Section        0  usbd_cdc.o(i.USBD_CDC_RegisterInterface)
    i.USBD_CDC_SetRxBuffer                   0x0800446c   Section        0  usbd_cdc.o(i.USBD_CDC_SetRxBuffer)
    i.USBD_CDC_SetTxBuffer                   0x08004478   Section        0  usbd_cdc.o(i.USBD_CDC_SetTxBuffer)
    i.USBD_CDC_Setup                         0x08004488   Section        0  usbd_cdc.o(i.USBD_CDC_Setup)
    USBD_CDC_Setup                           0x08004489   Thumb Code   106  usbd_cdc.o(i.USBD_CDC_Setup)
    i.USBD_ClrClassConfig                    0x080044f8   Section        0  usbd_core.o(i.USBD_ClrClassConfig)
    i.USBD_CtlContinueRx                     0x08004506   Section        0  usbd_ioreq.o(i.USBD_CtlContinueRx)
    i.USBD_CtlContinueSendData               0x08004516   Section        0  usbd_ioreq.o(i.USBD_CtlContinueSendData)
    i.USBD_CtlError                          0x08004526   Section        0  usbd_ctlreq.o(i.USBD_CtlError)
    i.USBD_CtlPrepareRx                      0x0800453c   Section        0  usbd_ioreq.o(i.USBD_CtlPrepareRx)
    i.USBD_CtlReceiveStatus                  0x0800455a   Section        0  usbd_ioreq.o(i.USBD_CtlReceiveStatus)
    i.USBD_CtlSendData                       0x08004570   Section        0  usbd_ioreq.o(i.USBD_CtlSendData)
    i.USBD_CtlSendStatus                     0x0800458a   Section        0  usbd_ioreq.o(i.USBD_CtlSendStatus)
    i.USBD_FS_ConfigStrDescriptor            0x080045a0   Section        0  usbd_desc.o(i.USBD_FS_ConfigStrDescriptor)
    i.USBD_FS_DeviceDescriptor               0x080045c0   Section        0  usbd_desc.o(i.USBD_FS_DeviceDescriptor)
    i.USBD_FS_InterfaceStrDescriptor         0x080045cc   Section        0  usbd_desc.o(i.USBD_FS_InterfaceStrDescriptor)
    i.USBD_FS_LangIDStrDescriptor            0x080045f0   Section        0  usbd_desc.o(i.USBD_FS_LangIDStrDescriptor)
    i.USBD_FS_ManufacturerStrDescriptor      0x080045fc   Section        0  usbd_desc.o(i.USBD_FS_ManufacturerStrDescriptor)
    i.USBD_FS_ProductStrDescriptor           0x0800461c   Section        0  usbd_desc.o(i.USBD_FS_ProductStrDescriptor)
    i.USBD_FS_SerialStrDescriptor            0x08004638   Section        0  usbd_desc.o(i.USBD_FS_SerialStrDescriptor)
    i.USBD_GetDescriptor                     0x0800465c   Section        0  usbd_ctlreq.o(i.USBD_GetDescriptor)
    USBD_GetDescriptor                       0x0800465d   Thumb Code   224  usbd_ctlreq.o(i.USBD_GetDescriptor)
    i.USBD_GetString                         0x0800473c   Section        0  usbd_ctlreq.o(i.USBD_GetString)
    i.USBD_Init                              0x08004782   Section        0  usbd_core.o(i.USBD_Init)
    i.USBD_LL_ClearStallEP                   0x080047ac   Section        0  usbd_conf.o(i.USBD_LL_ClearStallEP)
    i.USBD_LL_CloseEP                        0x080047ba   Section        0  usbd_conf.o(i.USBD_LL_CloseEP)
    i.USBD_LL_DataInStage                    0x080047c8   Section        0  usbd_core.o(i.USBD_LL_DataInStage)
    i.USBD_LL_DataOutStage                   0x08004872   Section        0  usbd_core.o(i.USBD_LL_DataOutStage)
    i.USBD_LL_DevConnected                   0x080048dc   Section        0  usbd_core.o(i.USBD_LL_DevConnected)
    i.USBD_LL_DevDisconnected                0x080048e0   Section        0  usbd_core.o(i.USBD_LL_DevDisconnected)
    i.USBD_LL_GetRxDataSize                  0x080048f6   Section        0  usbd_conf.o(i.USBD_LL_GetRxDataSize)
    i.USBD_LL_Init                           0x08004900   Section        0  usbd_conf.o(i.USBD_LL_Init)
    i.USBD_LL_IsStallEP                      0x08004964   Section        0  usbd_conf.o(i.USBD_LL_IsStallEP)
    i.USBD_LL_IsoINIncomplete                0x08004984   Section        0  usbd_core.o(i.USBD_LL_IsoINIncomplete)
    i.USBD_LL_IsoOUTIncomplete               0x08004988   Section        0  usbd_core.o(i.USBD_LL_IsoOUTIncomplete)
    i.USBD_LL_OpenEP                         0x0800498c   Section        0  usbd_conf.o(i.USBD_LL_OpenEP)
    i.USBD_LL_PrepareReceive                 0x080049a0   Section        0  usbd_conf.o(i.USBD_LL_PrepareReceive)
    i.USBD_LL_Reset                          0x080049ae   Section        0  usbd_core.o(i.USBD_LL_Reset)
    i.USBD_LL_Resume                         0x080049ec   Section        0  usbd_core.o(i.USBD_LL_Resume)
    i.USBD_LL_SOF                            0x080049f8   Section        0  usbd_core.o(i.USBD_LL_SOF)
    i.USBD_LL_SetSpeed                       0x08004a10   Section        0  usbd_core.o(i.USBD_LL_SetSpeed)
    i.USBD_LL_SetUSBAddress                  0x08004a16   Section        0  usbd_conf.o(i.USBD_LL_SetUSBAddress)
    i.USBD_LL_SetupStage                     0x08004a24   Section        0  usbd_core.o(i.USBD_LL_SetupStage)
    i.USBD_LL_StallEP                        0x08004a7e   Section        0  usbd_conf.o(i.USBD_LL_StallEP)
    i.USBD_LL_Start                          0x08004a8c   Section        0  usbd_conf.o(i.USBD_LL_Start)
    i.USBD_LL_Suspend                        0x08004a9a   Section        0  usbd_core.o(i.USBD_LL_Suspend)
    i.USBD_LL_Transmit                       0x08004aac   Section        0  usbd_conf.o(i.USBD_LL_Transmit)
    i.USBD_ParseSetupRequest                 0x08004aba   Section        0  usbd_ctlreq.o(i.USBD_ParseSetupRequest)
    i.USBD_RegisterClass                     0x08004ae2   Section        0  usbd_core.o(i.USBD_RegisterClass)
    i.USBD_SetClassConfig                    0x08004af2   Section        0  usbd_core.o(i.USBD_SetClassConfig)
    i.USBD_SetConfig                         0x08004b08   Section        0  usbd_ctlreq.o(i.USBD_SetConfig)
    USBD_SetConfig                           0x08004b09   Thumb Code   110  usbd_ctlreq.o(i.USBD_SetConfig)
    i.USBD_Start                             0x08004b7c   Section        0  usbd_core.o(i.USBD_Start)
    i.USBD_StdDevReq                         0x08004b86   Section        0  usbd_ctlreq.o(i.USBD_StdDevReq)
    i.USBD_StdEPReq                          0x08004c78   Section        0  usbd_ctlreq.o(i.USBD_StdEPReq)
    i.USBD_StdItfReq                         0x08004d54   Section        0  usbd_ctlreq.o(i.USBD_StdItfReq)
    i.USB_ActivateEndpoint                   0x08004d88   Section        0  stm32f4xx_ll_usb.o(i.USB_ActivateEndpoint)
    i.USB_ActivateSetup                      0x08004e08   Section        0  stm32f4xx_ll_usb.o(i.USB_ActivateSetup)
    i.USB_CoreInit                           0x08004e3c   Section        0  stm32f4xx_ll_usb.o(i.USB_CoreInit)
    i.USB_CoreReset                          0x08004ea0   Section        0  stm32f4xx_ll_usb.o(i.USB_CoreReset)
    USB_CoreReset                            0x08004ea1   Thumb Code    50  stm32f4xx_ll_usb.o(i.USB_CoreReset)
    i.USB_DeactivateEndpoint                 0x08004ed8   Section        0  stm32f4xx_ll_usb.o(i.USB_DeactivateEndpoint)
    i.USB_DevConnect                         0x08004f46   Section        0  stm32f4xx_ll_usb.o(i.USB_DevConnect)
    i.USB_DevDisconnect                      0x08004f5e   Section        0  stm32f4xx_ll_usb.o(i.USB_DevDisconnect)
    i.USB_DevInit                            0x08004f78   Section        0  stm32f4xx_ll_usb.o(i.USB_DevInit)
    i.USB_DisableGlobalInt                   0x080050bc   Section        0  stm32f4xx_ll_usb.o(i.USB_DisableGlobalInt)
    i.USB_EP0StartXfer                       0x080050c8   Section        0  stm32f4xx_ll_usb.o(i.USB_EP0StartXfer)
    i.USB_EP0_OutStart                       0x08005208   Section        0  stm32f4xx_ll_usb.o(i.USB_EP0_OutStart)
    i.USB_EPClearStall                       0x08005246   Section        0  stm32f4xx_ll_usb.o(i.USB_EPClearStall)
    i.USB_EPSetStall                         0x080052aa   Section        0  stm32f4xx_ll_usb.o(i.USB_EPSetStall)
    i.USB_EPStartXfer                        0x08005308   Section        0  stm32f4xx_ll_usb.o(i.USB_EPStartXfer)
    i.USB_EnableGlobalInt                    0x08005524   Section        0  stm32f4xx_ll_usb.o(i.USB_EnableGlobalInt)
    i.USB_FlushRxFifo                        0x08005530   Section        0  stm32f4xx_ll_usb.o(i.USB_FlushRxFifo)
    i.USB_FlushTxFifo                        0x08005550   Section        0  stm32f4xx_ll_usb.o(i.USB_FlushTxFifo)
    i.USB_GetDevSpeed                        0x08005574   Section        0  stm32f4xx_ll_usb.o(i.USB_GetDevSpeed)
    i.USB_GetMode                            0x080055b0   Section        0  stm32f4xx_ll_usb.o(i.USB_GetMode)
    i.USB_ReadDevAllInEpInterrupt            0x080055b8   Section        0  stm32f4xx_ll_usb.o(i.USB_ReadDevAllInEpInterrupt)
    i.USB_ReadDevAllOutEpInterrupt           0x080055c6   Section        0  stm32f4xx_ll_usb.o(i.USB_ReadDevAllOutEpInterrupt)
    i.USB_ReadDevInEPInterrupt               0x080055d4   Section        0  stm32f4xx_ll_usb.o(i.USB_ReadDevInEPInterrupt)
    i.USB_ReadDevOutEPInterrupt              0x080055f2   Section        0  stm32f4xx_ll_usb.o(i.USB_ReadDevOutEPInterrupt)
    i.USB_ReadInterrupts                     0x08005602   Section        0  stm32f4xx_ll_usb.o(i.USB_ReadInterrupts)
    i.USB_ReadPacket                         0x0800560a   Section        0  stm32f4xx_ll_usb.o(i.USB_ReadPacket)
    i.USB_SetCurrentMode                     0x0800562a   Section        0  stm32f4xx_ll_usb.o(i.USB_SetCurrentMode)
    i.USB_SetDevAddress                      0x08005656   Section        0  stm32f4xx_ll_usb.o(i.USB_SetDevAddress)
    i.USB_WritePacket                        0x08005678   Section        0  stm32f4xx_ll_usb.o(i.USB_WritePacket)
    i.__scatterload_copy                     0x080056a0   Section       14  handlers.o(i.__scatterload_copy)
    i.__scatterload_null                     0x080056ae   Section        2  handlers.o(i.__scatterload_null)
    i.__scatterload_zeroinit                 0x080056b0   Section       14  handlers.o(i.__scatterload_zeroinit)
    i.free                                   0x080056c0   Section        0  malloc.o(i.free)
    i.main                                   0x08005710   Section        0  main.o(i.main)
    i.malloc                                 0x08005828   Section        0  malloc.o(i.malloc)
    .constdata                               0x08005894   Section       16  stm32f4xx_hal_rcc.o(.constdata)
    .constdata                               0x080058a4   Section        8  stm32f4xx_hal_dma.o(.constdata)
    flagBitshiftOffset                       0x080058a4   Data           8  stm32f4xx_hal_dma.o(.constdata)
    .data                                    0x20000000   Section        1  usbd_ctlreq.o(.data)
    cfgidx                                   0x20000000   Data           1  usbd_ctlreq.o(.data)
    .data                                    0x20000004   Section      219  usbd_cdc.o(.data)
    ifalt                                    0x20000004   Data           1  usbd_cdc.o(.data)
    USBD_CDC_DeviceQualifierDesc             0x20000008   Data          10  usbd_cdc.o(.data)
    .data                                    0x200000e0   Section       56  usbd_cdc.o(.data)
    .data                                    0x20000118   Section        3  main.o(.data)
    .data                                    0x2000011c   Section       16  usbd_cdc_if.o(.data)
    .data                                    0x2000012c   Section        8  usbd_cdc_if.o(.data)
    .data                                    0x20000134   Section       28  usbd_desc.o(.data)
    .data                                    0x20000150   Section       22  usbd_desc.o(.data)
    .data                                    0x20000168   Section        4  system_stm32f4xx.o(.data)
    .data                                    0x2000016c   Section        4  stm32f4xx_hal.o(.data)
    .data                                    0x20000170   Section        4  mvars.o(.data)
    .data                                    0x20000174   Section        4  mvars.o(.data)
    .bss                                     0x20000178   Section    77072  main.o(.bss)
    .bss                                     0x20012e88   Section       96  main.o(.bss)
    .bss                                     0x20012ee8   Section      952  usbd_conf.o(.bss)
    .bss                                     0x200132a0   Section      548  usb_device.o(.bss)
    .bss                                     0x200134c4   Section      512  usbd_desc.o(.bss)
    HEAP                                     0x200136c8   Section      512  startup_stm32f407xx.o(HEAP)
    STACK                                    0x200138c8   Section     1024  startup_stm32f407xx.o(STACK)

    Global Symbols

    Symbol Name                              Value     Ov Type        Size  Object(Section)

    BuildAttributes$$THM_ISAv4$E$P$D$K$B$S$7EM$VFPi3$EXTD16$VFPS$VFMA$PE$A:L22UL41UL21$X:L11$S22US41US21$IEEE1$IW$USESV6$~STKCKD$USESV7$~SHL$OSPACE$EBA8$MICROLIB$REQ8$PRES8$EABIv2 0x00000000   Number         0  anon$$obj.o ABSOLUTE
    __ARM_use_no_argv                        0x00000000   Number         0  main.o ABSOLUTE
    __cpp_initialize__aeabi_                  - Undefined Weak Reference
    __cxa_finalize                            - Undefined Weak Reference
    _clock_init                               - Undefined Weak Reference
    _microlib_exit                            - Undefined Weak Reference
    __Vectors_Size                           0x00000188   Number         0  startup_stm32f407xx.o ABSOLUTE
    __Vectors                                0x08000000   Data           4  startup_stm32f407xx.o(RESET)
    __Vectors_End                            0x08000188   Data           0  startup_stm32f407xx.o(RESET)
    __main                                   0x08000189   Thumb Code     0  entry.o(.ARM.Collect$$$$00000000)
    _main_stk                                0x08000189   Thumb Code     0  entry2.o(.ARM.Collect$$$$00000001)
    _main_scatterload                        0x0800018d   Thumb Code     0  entry5.o(.ARM.Collect$$$$00000004)
    __main_after_scatterload                 0x08000191   Thumb Code     0  entry5.o(.ARM.Collect$$$$00000004)
    _main_clock                              0x08000191   Thumb Code     0  entry7b.o(.ARM.Collect$$$$00000008)
    _main_cpp_init                           0x08000191   Thumb Code     0  entry8b.o(.ARM.Collect$$$$0000000A)
    _main_init                               0x08000191   Thumb Code     0  entry9a.o(.ARM.Collect$$$$0000000B)
    __rt_final_cpp                           0x08000199   Thumb Code     0  entry10a.o(.ARM.Collect$$$$0000000D)
    __rt_final_exit                          0x08000199   Thumb Code     0  entry11a.o(.ARM.Collect$$$$0000000F)
    Reset_Handler                            0x0800019d   Thumb Code     8  startup_stm32f407xx.o(.text)
    NMI_Handler                              0x080001a5   Thumb Code     2  startup_stm32f407xx.o(.text)
    HardFault_Handler                        0x080001a7   Thumb Code     2  startup_stm32f407xx.o(.text)
    MemManage_Handler                        0x080001a9   Thumb Code     2  startup_stm32f407xx.o(.text)
    BusFault_Handler                         0x080001ab   Thumb Code     2  startup_stm32f407xx.o(.text)
    UsageFault_Handler                       0x080001ad   Thumb Code     2  startup_stm32f407xx.o(.text)
    DebugMon_Handler                         0x080001b1   Thumb Code     2  startup_stm32f407xx.o(.text)
    ADC_IRQHandler                           0x080001b7   Thumb Code     0  startup_stm32f407xx.o(.text)
    CAN1_RX0_IRQHandler                      0x080001b7   Thumb Code     0  startup_stm32f407xx.o(.text)
    CAN1_RX1_IRQHandler                      0x080001b7   Thumb Code     0  startup_stm32f407xx.o(.text)
    CAN1_SCE_IRQHandler                      0x080001b7   Thumb Code     0  startup_stm32f407xx.o(.text)
    CAN1_TX_IRQHandler                       0x080001b7   Thumb Code     0  startup_stm32f407xx.o(.text)
    CAN2_RX0_IRQHandler                      0x080001b7   Thumb Code     0  startup_stm32f407xx.o(.text)
    CAN2_RX1_IRQHandler                      0x080001b7   Thumb Code     0  startup_stm32f407xx.o(.text)
    CAN2_SCE_IRQHandler                      0x080001b7   Thumb Code     0  startup_stm32f407xx.o(.text)
    CAN2_TX_IRQHandler                       0x080001b7   Thumb Code     0  startup_stm32f407xx.o(.text)
    DMA1_Stream0_IRQHandler                  0x080001b7   Thumb Code     0  startup_stm32f407xx.o(.text)
    DMA1_Stream1_IRQHandler                  0x080001b7   Thumb Code     0  startup_stm32f407xx.o(.text)
    DMA1_Stream2_IRQHandler                  0x080001b7   Thumb Code     0  startup_stm32f407xx.o(.text)
    DMA1_Stream3_IRQHandler                  0x080001b7   Thumb Code     0  startup_stm32f407xx.o(.text)
    DMA1_Stream4_IRQHandler                  0x080001b7   Thumb Code     0  startup_stm32f407xx.o(.text)
    DMA1_Stream5_IRQHandler                  0x080001b7   Thumb Code     0  startup_stm32f407xx.o(.text)
    DMA1_Stream6_IRQHandler                  0x080001b7   Thumb Code     0  startup_stm32f407xx.o(.text)
    DMA1_Stream7_IRQHandler                  0x080001b7   Thumb Code     0  startup_stm32f407xx.o(.text)
    DMA2_Stream0_IRQHandler                  0x080001b7   Thumb Code     0  startup_stm32f407xx.o(.text)
    DMA2_Stream2_IRQHandler                  0x080001b7   Thumb Code     0  startup_stm32f407xx.o(.text)
    DMA2_Stream3_IRQHandler                  0x080001b7   Thumb Code     0  startup_stm32f407xx.o(.text)
    DMA2_Stream4_IRQHandler                  0x080001b7   Thumb Code     0  startup_stm32f407xx.o(.text)
    DMA2_Stream5_IRQHandler                  0x080001b7   Thumb Code     0  startup_stm32f407xx.o(.text)
    DMA2_Stream6_IRQHandler                  0x080001b7   Thumb Code     0  startup_stm32f407xx.o(.text)
    DMA2_Stream7_IRQHandler                  0x080001b7   Thumb Code     0  startup_stm32f407xx.o(.text)
    ETH_IRQHandler                           0x080001b7   Thumb Code     0  startup_stm32f407xx.o(.text)
    ETH_WKUP_IRQHandler                      0x080001b7   Thumb Code     0  startup_stm32f407xx.o(.text)
    EXTI0_IRQHandler                         0x080001b7   Thumb Code     0  startup_stm32f407xx.o(.text)
    EXTI15_10_IRQHandler                     0x080001b7   Thumb Code     0  startup_stm32f407xx.o(.text)
    EXTI1_IRQHandler                         0x080001b7   Thumb Code     0  startup_stm32f407xx.o(.text)
    EXTI2_IRQHandler                         0x080001b7   Thumb Code     0  startup_stm32f407xx.o(.text)
    EXTI3_IRQHandler                         0x080001b7   Thumb Code     0  startup_stm32f407xx.o(.text)
    EXTI4_IRQHandler                         0x080001b7   Thumb Code     0  startup_stm32f407xx.o(.text)
    EXTI9_5_IRQHandler                       0x080001b7   Thumb Code     0  startup_stm32f407xx.o(.text)
    FLASH_IRQHandler                         0x080001b7   Thumb Code     0  startup_stm32f407xx.o(.text)
    FMC_IRQHandler                           0x080001b7   Thumb Code     0  startup_stm32f407xx.o(.text)
    FPU_IRQHandler                           0x080001b7   Thumb Code     0  startup_stm32f407xx.o(.text)
    HASH_RNG_IRQHandler                      0x080001b7   Thumb Code     0  startup_stm32f407xx.o(.text)
    I2C1_ER_IRQHandler                       0x080001b7   Thumb Code     0  startup_stm32f407xx.o(.text)
    I2C1_EV_IRQHandler                       0x080001b7   Thumb Code     0  startup_stm32f407xx.o(.text)
    I2C2_ER_IRQHandler                       0x080001b7   Thumb Code     0  startup_stm32f407xx.o(.text)
    I2C2_EV_IRQHandler                       0x080001b7   Thumb Code     0  startup_stm32f407xx.o(.text)
    I2C3_ER_IRQHandler                       0x080001b7   Thumb Code     0  startup_stm32f407xx.o(.text)
    I2C3_EV_IRQHandler                       0x080001b7   Thumb Code     0  startup_stm32f407xx.o(.text)
    OTG_FS_WKUP_IRQHandler                   0x080001b7   Thumb Code     0  startup_stm32f407xx.o(.text)
    OTG_HS_EP1_IN_IRQHandler                 0x080001b7   Thumb Code     0  startup_stm32f407xx.o(.text)
    OTG_HS_EP1_OUT_IRQHandler                0x080001b7   Thumb Code     0  startup_stm32f407xx.o(.text)
    OTG_HS_IRQHandler                        0x080001b7   Thumb Code     0  startup_stm32f407xx.o(.text)
    OTG_HS_WKUP_IRQHandler                   0x080001b7   Thumb Code     0  startup_stm32f407xx.o(.text)
    PVD_IRQHandler                           0x080001b7   Thumb Code     0  startup_stm32f407xx.o(.text)
    RCC_IRQHandler                           0x080001b7   Thumb Code     0  startup_stm32f407xx.o(.text)
    RTC_Alarm_IRQHandler                     0x080001b7   Thumb Code     0  startup_stm32f407xx.o(.text)
    RTC_WKUP_IRQHandler                      0x080001b7   Thumb Code     0  startup_stm32f407xx.o(.text)
    SDIO_IRQHandler                          0x080001b7   Thumb Code     0  startup_stm32f407xx.o(.text)
    SPI1_IRQHandler                          0x080001b7   Thumb Code     0  startup_stm32f407xx.o(.text)
    SPI2_IRQHandler                          0x080001b7   Thumb Code     0  startup_stm32f407xx.o(.text)
    SPI3_IRQHandler                          0x080001b7   Thumb Code     0  startup_stm32f407xx.o(.text)
    TAMP_STAMP_IRQHandler                    0x080001b7   Thumb Code     0  startup_stm32f407xx.o(.text)
    TIM1_BRK_TIM9_IRQHandler                 0x080001b7   Thumb Code     0  startup_stm32f407xx.o(.text)
    TIM1_CC_IRQHandler                       0x080001b7   Thumb Code     0  startup_stm32f407xx.o(.text)
    TIM1_TRG_COM_TIM11_IRQHandler            0x080001b7   Thumb Code     0  startup_stm32f407xx.o(.text)
    TIM1_UP_TIM10_IRQHandler                 0x080001b7   Thumb Code     0  startup_stm32f407xx.o(.text)
    TIM2_IRQHandler                          0x080001b7   Thumb Code     0  startup_stm32f407xx.o(.text)
    TIM3_IRQHandler                          0x080001b7   Thumb Code     0  startup_stm32f407xx.o(.text)
    TIM4_IRQHandler                          0x080001b7   Thumb Code     0  startup_stm32f407xx.o(.text)
    TIM5_IRQHandler                          0x080001b7   Thumb Code     0  startup_stm32f407xx.o(.text)
    TIM6_DAC_IRQHandler                      0x080001b7   Thumb Code     0  startup_stm32f407xx.o(.text)
    TIM7_IRQHandler                          0x080001b7   Thumb Code     0  startup_stm32f407xx.o(.text)
    TIM8_BRK_TIM12_IRQHandler                0x080001b7   Thumb Code     0  startup_stm32f407xx.o(.text)
    TIM8_CC_IRQHandler                       0x080001b7   Thumb Code     0  startup_stm32f407xx.o(.text)
    TIM8_TRG_COM_TIM14_IRQHandler            0x080001b7   Thumb Code     0  startup_stm32f407xx.o(.text)
    TIM8_UP_TIM13_IRQHandler                 0x080001b7   Thumb Code     0  startup_stm32f407xx.o(.text)
    UART4_IRQHandler                         0x080001b7   Thumb Code     0  startup_stm32f407xx.o(.text)
    UART5_IRQHandler                         0x080001b7   Thumb Code     0  startup_stm32f407xx.o(.text)
    USART1_IRQHandler                        0x080001b7   Thumb Code     0  startup_stm32f407xx.o(.text)
    USART2_IRQHandler                        0x080001b7   Thumb Code     0  startup_stm32f407xx.o(.text)
    USART3_IRQHandler                        0x080001b7   Thumb Code     0  startup_stm32f407xx.o(.text)
    USART6_IRQHandler                        0x080001b7   Thumb Code     0  startup_stm32f407xx.o(.text)
    WWDG_IRQHandler                          0x080001b7   Thumb Code     0  startup_stm32f407xx.o(.text)
    __aeabi_memcpy                           0x080001c1   Thumb Code    36  memcpya.o(.text)
    __aeabi_memcpy4                          0x080001c1   Thumb Code     0  memcpya.o(.text)
    __aeabi_memcpy8                          0x080001c1   Thumb Code     0  memcpya.o(.text)
    __scatterload                            0x080001e5   Thumb Code    28  init.o(.text)
    __scatterload_rt2                        0x080001e5   Thumb Code     0  init.o(.text)
    __decompress                             0x08000209   Thumb Code     0  __dczerorl2.o(.text)
    __decompress1                            0x08000209   Thumb Code    86  __dczerorl2.o(.text)
    DCMI_IRQHandler                          0x08000341   Thumb Code     6  stm32f4xx_it.o(i.DCMI_IRQHandler)
    DCMI_OV9655_QQVGASizeSetup               0x0800034d   Thumb Code  2442  main.o(i.DCMI_OV9655_QQVGASizeSetup)
    DCMI_SingleRandomWrite                   0x08000cd9   Thumb Code    30  main.o(i.DCMI_SingleRandomWrite)
    DMA2_Stream1_IRQHandler                  0x08000cfd   Thumb Code    18  stm32f4xx_it.o(i.DMA2_Stream1_IRQHandler)
    Error_Handler                            0x08000dd7   Thumb Code     2  main.o(i.Error_Handler)
    HAL_DCMI_ErrorCallback                   0x08000dd9   Thumb Code     2  stm32f4xx_hal_dcmi.o(i.HAL_DCMI_ErrorCallback)
    HAL_DCMI_FrameEventCallback              0x08000ddb   Thumb Code     2  stm32f4xx_hal_dcmi.o(i.HAL_DCMI_FrameEventCallback)
    HAL_DCMI_IRQHandler                      0x08000ddd   Thumb Code   148  stm32f4xx_hal_dcmi.o(i.HAL_DCMI_IRQHandler)
    HAL_DCMI_Init                            0x08000e75   Thumb Code   166  stm32f4xx_hal_dcmi_ex.o(i.HAL_DCMI_Init)
    HAL_DCMI_LineEventCallback               0x08000f1b   Thumb Code     2  stm32f4xx_hal_dcmi.o(i.HAL_DCMI_LineEventCallback)
    HAL_DCMI_MspInit                         0x08000f1d   Thumb Code   182  stm32f4xx_hal_msp.o(i.HAL_DCMI_MspInit)
    HAL_DCMI_Start_DMA                       0x08000ff5   Thumb Code   174  stm32f4xx_hal_dcmi.o(i.HAL_DCMI_Start_DMA)
    HAL_DCMI_VsyncEventCallback              0x080010ad   Thumb Code     2  stm32f4xx_hal_dcmi.o(i.HAL_DCMI_VsyncEventCallback)
    HAL_DMAEx_ChangeMemory                   0x080010af   Thumb Code    14  stm32f4xx_hal_dma_ex.o(i.HAL_DMAEx_ChangeMemory)
    HAL_DMAEx_MultiBufferStart_IT            0x080010bd   Thumb Code  2438  stm32f4xx_hal_dma_ex.o(i.HAL_DMAEx_MultiBufferStart_IT)
    HAL_DMA_Abort_IT                         0x08001a51   Thumb Code    36  stm32f4xx_hal_dma.o(i.HAL_DMA_Abort_IT)
    HAL_DMA_IRQHandler                       0x08001a75   Thumb Code   414  stm32f4xx_hal_dma.o(i.HAL_DMA_IRQHandler)
    HAL_DMA_Init                             0x08001c1d   Thumb Code   202  stm32f4xx_hal_dma.o(i.HAL_DMA_Init)
    HAL_DMA_Start_IT                         0x08001ced   Thumb Code   120  stm32f4xx_hal_dma.o(i.HAL_DMA_Start_IT)
    HAL_Delay                                0x08001d65   Thumb Code    22  stm32f4xx_hal.o(i.HAL_Delay)
    HAL_GPIO_Init                            0x08001d7d   Thumb Code   398  stm32f4xx_hal_gpio.o(i.HAL_GPIO_Init)
    HAL_GPIO_WritePin                        0x08001f3d   Thumb Code    10  stm32f4xx_hal_gpio.o(i.HAL_GPIO_WritePin)
    HAL_GetTick                              0x08001f49   Thumb Code     6  stm32f4xx_hal.o(i.HAL_GetTick)
    HAL_I2C_Init                             0x08001f55   Thumb Code   254  stm32f4xx_hal_i2c.o(i.HAL_I2C_Init)
    HAL_I2C_Mem_Read                         0x0800205d   Thumb Code   480  stm32f4xx_hal_i2c.o(i.HAL_I2C_Mem_Read)
    HAL_I2C_Mem_Write                        0x08002249   Thumb Code   248  stm32f4xx_hal_i2c.o(i.HAL_I2C_Mem_Write)
    HAL_I2C_MspInit                          0x08002349   Thumb Code    64  stm32f4xx_hal_msp.o(i.HAL_I2C_MspInit)
    HAL_IncTick                              0x08002395   Thumb Code    10  stm32f4xx_hal.o(i.HAL_IncTick)
    HAL_Init                                 0x080023a5   Thumb Code    48  stm32f4xx_hal.o(i.HAL_Init)
    HAL_InitTick                             0x080023d9   Thumb Code    34  stm32f4xx_hal.o(i.HAL_InitTick)
    HAL_MspInit                              0x08002401   Thumb Code    88  stm32f4xx_hal_msp.o(i.HAL_MspInit)
    HAL_NVIC_ClearPendingIRQ                 0x08002459   Thumb Code    22  stm32f4xx_hal_cortex.o(i.HAL_NVIC_ClearPendingIRQ)
    HAL_NVIC_EnableIRQ                       0x0800246f   Thumb Code    22  stm32f4xx_hal_cortex.o(i.HAL_NVIC_EnableIRQ)
    HAL_NVIC_SetPriority                     0x08002485   Thumb Code    60  stm32f4xx_hal_cortex.o(i.HAL_NVIC_SetPriority)
    HAL_NVIC_SetPriorityGrouping             0x080024c5   Thumb Code    26  stm32f4xx_hal_cortex.o(i.HAL_NVIC_SetPriorityGrouping)
    HAL_PCDEx_SetRxFiFo                      0x080024e9   Thumb Code     8  stm32f4xx_hal_pcd_ex.o(i.HAL_PCDEx_SetRxFiFo)
    HAL_PCDEx_SetTxFiFo                      0x080024f1   Thumb Code    68  stm32f4xx_hal_pcd_ex.o(i.HAL_PCDEx_SetTxFiFo)
    HAL_PCD_ConnectCallback                  0x08002535   Thumb Code     8  usbd_conf.o(i.HAL_PCD_ConnectCallback)
    HAL_PCD_DataInStageCallback              0x0800253d   Thumb Code    18  usbd_conf.o(i.HAL_PCD_DataInStageCallback)
    HAL_PCD_DataOutStageCallback             0x0800254f   Thumb Code    20  usbd_conf.o(i.HAL_PCD_DataOutStageCallback)
    HAL_PCD_DisconnectCallback               0x08002563   Thumb Code     8  usbd_conf.o(i.HAL_PCD_DisconnectCallback)
    HAL_PCD_EP_Close                         0x0800256b   Thumb Code    68  stm32f4xx_hal_pcd.o(i.HAL_PCD_EP_Close)
    HAL_PCD_EP_ClrStall                      0x080025af   Thumb Code    80  stm32f4xx_hal_pcd.o(i.HAL_PCD_EP_ClrStall)
    HAL_PCD_EP_GetRxCount                    0x080025ff   Thumb Code    20  stm32f4xx_hal_pcd.o(i.HAL_PCD_EP_GetRxCount)
    HAL_PCD_EP_Open                          0x08002613   Thumb Code    84  stm32f4xx_hal_pcd.o(i.HAL_PCD_EP_Open)
    HAL_PCD_EP_Receive                       0x08002669   Thumb Code    94  stm32f4xx_hal_pcd.o(i.HAL_PCD_EP_Receive)
    HAL_PCD_EP_SetStall                      0x080026c7   Thumb Code    96  stm32f4xx_hal_pcd.o(i.HAL_PCD_EP_SetStall)
    HAL_PCD_EP_Transmit                      0x08002727   Thumb Code    86  stm32f4xx_hal_pcd.o(i.HAL_PCD_EP_Transmit)
    HAL_PCD_IRQHandler                       0x0800277d   Thumb Code  1022  stm32f4xx_hal_pcd.o(i.HAL_PCD_IRQHandler)
    HAL_PCD_ISOINIncompleteCallback          0x08002b7b   Thumb Code     8  usbd_conf.o(i.HAL_PCD_ISOINIncompleteCallback)
    HAL_PCD_ISOOUTIncompleteCallback         0x08002b83   Thumb Code     8  usbd_conf.o(i.HAL_PCD_ISOOUTIncompleteCallback)
    HAL_PCD_Init                             0x08002b8d   Thumb Code   190  stm32f4xx_hal_pcd.o(i.HAL_PCD_Init)
    HAL_PCD_MspInit                          0x08002c4d   Thumb Code    92  usbd_conf.o(i.HAL_PCD_MspInit)
    HAL_PCD_ResetCallback                    0x08002cb1   Thumb Code    32  usbd_conf.o(i.HAL_PCD_ResetCallback)
    HAL_PCD_ResumeCallback                   0x08002cd1   Thumb Code     8  usbd_conf.o(i.HAL_PCD_ResumeCallback)
    HAL_PCD_SOFCallback                      0x08002cd9   Thumb Code     8  usbd_conf.o(i.HAL_PCD_SOFCallback)
    HAL_PCD_SetAddress                       0x08002ce1   Thumb Code    36  stm32f4xx_hal_pcd.o(i.HAL_PCD_SetAddress)
    HAL_PCD_SetupStageCallback               0x08002d05   Thumb Code    14  usbd_conf.o(i.HAL_PCD_SetupStageCallback)
    HAL_PCD_Start                            0x08002d13   Thumb Code    42  stm32f4xx_hal_pcd.o(i.HAL_PCD_Start)
    HAL_PCD_SuspendCallback                  0x08002d3d   Thumb Code    44  usbd_conf.o(i.HAL_PCD_SuspendCallback)
    HAL_RCC_ClockConfig                      0x08002d6d   Thumb Code   364  stm32f4xx_hal_rcc.o(i.HAL_RCC_ClockConfig)
    HAL_RCC_GetHCLKFreq                      0x08002ee9   Thumb Code     6  stm32f4xx_hal_rcc.o(i.HAL_RCC_GetHCLKFreq)
    HAL_RCC_GetPCLK1Freq                     0x08002ef5   Thumb Code    34  stm32f4xx_hal_rcc.o(i.HAL_RCC_GetPCLK1Freq)
    HAL_RCC_GetPCLK2Freq                     0x08002f25   Thumb Code    34  stm32f4xx_hal_rcc.o(i.HAL_RCC_GetPCLK2Freq)
    HAL_RCC_GetSysClockFreq                  0x08002f55   Thumb Code   104  stm32f4xx_hal_rcc.o(i.HAL_RCC_GetSysClockFreq)
    HAL_RCC_OscConfig                        0x08002fc5   Thumb Code   722  stm32f4xx_hal_rcc.o(i.HAL_RCC_OscConfig)
    HAL_SYSTICK_CLKSourceConfig              0x080032a9   Thumb Code    24  stm32f4xx_hal_cortex.o(i.HAL_SYSTICK_CLKSourceConfig)
    HAL_SYSTICK_Callback                     0x080032c1   Thumb Code     2  stm32f4xx_hal_cortex.o(i.HAL_SYSTICK_Callback)
    HAL_SYSTICK_Config                       0x080032c3   Thumb Code    40  stm32f4xx_hal_cortex.o(i.HAL_SYSTICK_Config)
    HAL_SYSTICK_IRQHandler                   0x080032eb   Thumb Code     8  stm32f4xx_hal_cortex.o(i.HAL_SYSTICK_IRQHandler)
    HAL_TIMEx_MasterConfigSynchronization    0x080032f3   Thumb Code    80  stm32f4xx_hal_tim_ex.o(i.HAL_TIMEx_MasterConfigSynchronization)
    HAL_TIM_Base_Init                        0x08003343   Thumb Code    54  stm32f4xx_hal_tim.o(i.HAL_TIM_Base_Init)
    HAL_TIM_Base_MspInit                     0x08003379   Thumb Code    30  stm32f4xx_hal_msp.o(i.HAL_TIM_Base_MspInit)
    HAL_TIM_ConfigClockSource                0x080033a1   Thumb Code   242  stm32f4xx_hal_tim.o(i.HAL_TIM_ConfigClockSource)
    HAL_TIM_MspPostInit                      0x08003495   Thumb Code    40  stm32f4xx_hal_msp.o(i.HAL_TIM_MspPostInit)
    HAL_TIM_PWM_ConfigChannel                0x080034c5   Thumb Code   208  stm32f4xx_hal_tim.o(i.HAL_TIM_PWM_ConfigChannel)
    HAL_TIM_PWM_Init                         0x08003595   Thumb Code    54  stm32f4xx_hal_tim.o(i.HAL_TIM_PWM_Init)
    HAL_TIM_PWM_MspInit                      0x080035cb   Thumb Code     2  stm32f4xx_hal_tim.o(i.HAL_TIM_PWM_MspInit)
    HAL_TIM_PWM_Start                        0x080035cd   Thumb Code    48  stm32f4xx_hal_tim.o(i.HAL_TIM_PWM_Start)
    HAL_UART_Init                            0x08003605   Thumb Code    98  stm32f4xx_hal_uart.o(i.HAL_UART_Init)
    HAL_UART_MspInit                         0x08003669   Thumb Code    64  stm32f4xx_hal_msp.o(i.HAL_UART_MspInit)
    MX_USB_DEVICE_Init                       0x08003b8d   Thumb Code    38  usb_device.o(i.MX_USB_DEVICE_Init)
    OTG_FS_IRQHandler                        0x08003be5   Thumb Code     6  stm32f4xx_it.o(i.OTG_FS_IRQHandler)
    PendSV_Handler                           0x08003c79   Thumb Code     2  stm32f4xx_it.o(i.PendSV_Handler)
    SVC_Handler                              0x08003c7b   Thumb Code     2  stm32f4xx_it.o(i.SVC_Handler)
    SysTick_Handler                          0x08003c7d   Thumb Code    14  stm32f4xx_it.o(i.SysTick_Handler)
    SystemClock_Config                       0x08003c8d   Thumb Code   148  main.o(i.SystemClock_Config)
    SystemInit                               0x08003d29   Thumb Code    66  system_stm32f4xx.o(i.SystemInit)
    TIM_Base_SetConfig                       0x08003d7d   Thumb Code   148  stm32f4xx_hal_tim.o(i.TIM_Base_SetConfig)
    TIM_CCxChannelCmd                        0x08003e3d   Thumb Code    22  stm32f4xx_hal_tim.o(i.TIM_CCxChannelCmd)
    TIM_OC2_SetConfig                        0x08003ed1   Thumb Code    90  stm32f4xx_hal_tim.o(i.TIM_OC2_SetConfig)
    USBD_CDC_GetDeviceQualifierDescriptor    0x0800437d   Thumb Code     8  usbd_cdc.o(i.USBD_CDC_GetDeviceQualifierDescriptor)
    USBD_CDC_ReceivePacket                   0x08004435   Thumb Code    40  usbd_cdc.o(i.USBD_CDC_ReceivePacket)
    USBD_CDC_RegisterInterface               0x0800445d   Thumb Code    16  usbd_cdc.o(i.USBD_CDC_RegisterInterface)
    USBD_CDC_SetRxBuffer                     0x0800446d   Thumb Code    12  usbd_cdc.o(i.USBD_CDC_SetRxBuffer)
    USBD_CDC_SetTxBuffer                     0x08004479   Thumb Code    16  usbd_cdc.o(i.USBD_CDC_SetTxBuffer)
    USBD_ClrClassConfig                      0x080044f9   Thumb Code    14  usbd_core.o(i.USBD_ClrClassConfig)
    USBD_CtlContinueRx                       0x08004507   Thumb Code    16  usbd_ioreq.o(i.USBD_CtlContinueRx)
    USBD_CtlContinueSendData                 0x08004517   Thumb Code    16  usbd_ioreq.o(i.USBD_CtlContinueSendData)
    USBD_CtlError                            0x08004527   Thumb Code    22  usbd_ctlreq.o(i.USBD_CtlError)
    USBD_CtlPrepareRx                        0x0800453d   Thumb Code    30  usbd_ioreq.o(i.USBD_CtlPrepareRx)
    USBD_CtlReceiveStatus                    0x0800455b   Thumb Code    22  usbd_ioreq.o(i.USBD_CtlReceiveStatus)
    USBD_CtlSendData                         0x08004571   Thumb Code    26  usbd_ioreq.o(i.USBD_CtlSendData)
    USBD_CtlSendStatus                       0x0800458b   Thumb Code    22  usbd_ioreq.o(i.USBD_CtlSendStatus)
    USBD_FS_ConfigStrDescriptor              0x080045a1   Thumb Code    16  usbd_desc.o(i.USBD_FS_ConfigStrDescriptor)
    USBD_FS_DeviceDescriptor                 0x080045c1   Thumb Code     8  usbd_desc.o(i.USBD_FS_DeviceDescriptor)
    USBD_FS_InterfaceStrDescriptor           0x080045cd   Thumb Code    16  usbd_desc.o(i.USBD_FS_InterfaceStrDescriptor)
    USBD_FS_LangIDStrDescriptor              0x080045f1   Thumb Code     8  usbd_desc.o(i.USBD_FS_LangIDStrDescriptor)
    USBD_FS_ManufacturerStrDescriptor        0x080045fd   Thumb Code    16  usbd_desc.o(i.USBD_FS_ManufacturerStrDescriptor)
    USBD_FS_ProductStrDescriptor             0x0800461d   Thumb Code    16  usbd_desc.o(i.USBD_FS_ProductStrDescriptor)
    USBD_FS_SerialStrDescriptor              0x08004639   Thumb Code    16  usbd_desc.o(i.USBD_FS_SerialStrDescriptor)
    USBD_GetString                           0x0800473d   Thumb Code    70  usbd_ctlreq.o(i.USBD_GetString)
    USBD_Init                                0x08004783   Thumb Code    42  usbd_core.o(i.USBD_Init)
    USBD_LL_ClearStallEP                     0x080047ad   Thumb Code    14  usbd_conf.o(i.USBD_LL_ClearStallEP)
    USBD_LL_CloseEP                          0x080047bb   Thumb Code    14  usbd_conf.o(i.USBD_LL_CloseEP)
    USBD_LL_DataInStage                      0x080047c9   Thumb Code   170  usbd_core.o(i.USBD_LL_DataInStage)
    USBD_LL_DataOutStage                     0x08004873   Thumb Code   106  usbd_core.o(i.USBD_LL_DataOutStage)
    USBD_LL_DevConnected                     0x080048dd   Thumb Code     4  usbd_core.o(i.USBD_LL_DevConnected)
    USBD_LL_DevDisconnected                  0x080048e1   Thumb Code    22  usbd_core.o(i.USBD_LL_DevDisconnected)
    USBD_LL_GetRxDataSize                    0x080048f7   Thumb Code     8  usbd_conf.o(i.USBD_LL_GetRxDataSize)
    USBD_LL_Init                             0x08004901   Thumb Code    94  usbd_conf.o(i.USBD_LL_Init)
    USBD_LL_IsStallEP                        0x08004965   Thumb Code    32  usbd_conf.o(i.USBD_LL_IsStallEP)
    USBD_LL_IsoINIncomplete                  0x08004985   Thumb Code     4  usbd_core.o(i.USBD_LL_IsoINIncomplete)
    USBD_LL_IsoOUTIncomplete                 0x08004989   Thumb Code     4  usbd_core.o(i.USBD_LL_IsoOUTIncomplete)
    USBD_LL_OpenEP                           0x0800498d   Thumb Code    20  usbd_conf.o(i.USBD_LL_OpenEP)
    USBD_LL_PrepareReceive                   0x080049a1   Thumb Code    14  usbd_conf.o(i.USBD_LL_PrepareReceive)
    USBD_LL_Reset                            0x080049af   Thumb Code    62  usbd_core.o(i.USBD_LL_Reset)
    USBD_LL_Resume                           0x080049ed   Thumb Code    12  usbd_core.o(i.USBD_LL_Resume)
    USBD_LL_SOF                              0x080049f9   Thumb Code    24  usbd_core.o(i.USBD_LL_SOF)
    USBD_LL_SetSpeed                         0x08004a11   Thumb Code     6  usbd_core.o(i.USBD_LL_SetSpeed)
    USBD_LL_SetUSBAddress                    0x08004a17   Thumb Code    14  usbd_conf.o(i.USBD_LL_SetUSBAddress)
    USBD_LL_SetupStage                       0x08004a25   Thumb Code    90  usbd_core.o(i.USBD_LL_SetupStage)
    USBD_LL_StallEP                          0x08004a7f   Thumb Code    14  usbd_conf.o(i.USBD_LL_StallEP)
    USBD_LL_Start                            0x08004a8d   Thumb Code    14  usbd_conf.o(i.USBD_LL_Start)
    USBD_LL_Suspend                          0x08004a9b   Thumb Code    18  usbd_core.o(i.USBD_LL_Suspend)
    USBD_LL_Transmit                         0x08004aad   Thumb Code    14  usbd_conf.o(i.USBD_LL_Transmit)
    USBD_ParseSetupRequest                   0x08004abb   Thumb Code    40  usbd_ctlreq.o(i.USBD_ParseSetupRequest)
    USBD_RegisterClass                       0x08004ae3   Thumb Code    16  usbd_core.o(i.USBD_RegisterClass)
    USBD_SetClassConfig                      0x08004af3   Thumb Code    22  usbd_core.o(i.USBD_SetClassConfig)
    USBD_Start                               0x08004b7d   Thumb Code    10  usbd_core.o(i.USBD_Start)
    USBD_StdDevReq                           0x08004b87   Thumb Code   242  usbd_ctlreq.o(i.USBD_StdDevReq)
    USBD_StdEPReq                            0x08004c79   Thumb Code   220  usbd_ctlreq.o(i.USBD_StdEPReq)
    USBD_StdItfReq                           0x08004d55   Thumb Code    52  usbd_ctlreq.o(i.USBD_StdItfReq)
    USB_ActivateEndpoint                     0x08004d89   Thumb Code   122  stm32f4xx_ll_usb.o(i.USB_ActivateEndpoint)
    USB_ActivateSetup                        0x08004e09   Thumb Code    52  stm32f4xx_ll_usb.o(i.USB_ActivateSetup)
    USB_CoreInit                             0x08004e3d   Thumb Code    96  stm32f4xx_ll_usb.o(i.USB_CoreInit)
    USB_DeactivateEndpoint                   0x08004ed9   Thumb Code   110  stm32f4xx_ll_usb.o(i.USB_DeactivateEndpoint)
    USB_DevConnect                           0x08004f47   Thumb Code    24  stm32f4xx_ll_usb.o(i.USB_DevConnect)
    USB_DevDisconnect                        0x08004f5f   Thumb Code    24  stm32f4xx_ll_usb.o(i.USB_DevDisconnect)
    USB_DevInit                              0x08004f79   Thumb Code   306  stm32f4xx_ll_usb.o(i.USB_DevInit)
    USB_DisableGlobalInt                     0x080050bd   Thumb Code    12  stm32f4xx_ll_usb.o(i.USB_DisableGlobalInt)
    USB_EP0StartXfer                         0x080050c9   Thumb Code   316  stm32f4xx_ll_usb.o(i.USB_EP0StartXfer)
    USB_EP0_OutStart                         0x08005209   Thumb Code    62  stm32f4xx_ll_usb.o(i.USB_EP0_OutStart)
    USB_EPClearStall                         0x08005247   Thumb Code   100  stm32f4xx_ll_usb.o(i.USB_EPClearStall)
    USB_EPSetStall                           0x080052ab   Thumb Code    94  stm32f4xx_ll_usb.o(i.USB_EPSetStall)
    USB_EPStartXfer                          0x08005309   Thumb Code   534  stm32f4xx_ll_usb.o(i.USB_EPStartXfer)
    USB_EnableGlobalInt                      0x08005525   Thumb Code    12  stm32f4xx_ll_usb.o(i.USB_EnableGlobalInt)
    USB_FlushRxFifo                          0x08005531   Thumb Code    28  stm32f4xx_ll_usb.o(i.USB_FlushRxFifo)
    USB_FlushTxFifo                          0x08005551   Thumb Code    32  stm32f4xx_ll_usb.o(i.USB_FlushTxFifo)
    USB_GetDevSpeed                          0x08005575   Thumb Code    60  stm32f4xx_ll_usb.o(i.USB_GetDevSpeed)
    USB_GetMode                              0x080055b1   Thumb Code     8  stm32f4xx_ll_usb.o(i.USB_GetMode)
    USB_ReadDevAllInEpInterrupt              0x080055b9   Thumb Code    14  stm32f4xx_ll_usb.o(i.USB_ReadDevAllInEpInterrupt)
    USB_ReadDevAllOutEpInterrupt             0x080055c7   Thumb Code    14  stm32f4xx_ll_usb.o(i.USB_ReadDevAllOutEpInterrupt)
    USB_ReadDevInEPInterrupt                 0x080055d5   Thumb Code    30  stm32f4xx_ll_usb.o(i.USB_ReadDevInEPInterrupt)
    USB_ReadDevOutEPInterrupt                0x080055f3   Thumb Code    16  stm32f4xx_ll_usb.o(i.USB_ReadDevOutEPInterrupt)
    USB_ReadInterrupts                       0x08005603   Thumb Code     8  stm32f4xx_ll_usb.o(i.USB_ReadInterrupts)
    USB_ReadPacket                           0x0800560b   Thumb Code    32  stm32f4xx_ll_usb.o(i.USB_ReadPacket)
    USB_SetCurrentMode                       0x0800562b   Thumb Code    44  stm32f4xx_ll_usb.o(i.USB_SetCurrentMode)
    USB_SetDevAddress                        0x08005657   Thumb Code    34  stm32f4xx_ll_usb.o(i.USB_SetDevAddress)
    USB_WritePacket                          0x08005679   Thumb Code    40  stm32f4xx_ll_usb.o(i.USB_WritePacket)
    __scatterload_copy                       0x080056a1   Thumb Code    14  handlers.o(i.__scatterload_copy)
    __scatterload_null                       0x080056af   Thumb Code     2  handlers.o(i.__scatterload_null)
    __scatterload_zeroinit                   0x080056b1   Thumb Code    14  handlers.o(i.__scatterload_zeroinit)
    free                                     0x080056c1   Thumb Code    76  malloc.o(i.free)
    main                                     0x08005711   Thumb Code   248  main.o(i.main)
    malloc                                   0x08005829   Thumb Code    92  malloc.o(i.malloc)
    APBAHBPrescTable                         0x08005894   Data          16  stm32f4xx_hal_rcc.o(.constdata)
    Region$$Table$$Base                      0x080058ac   Number         0  anon$$obj.o(Region$$Table)
    Region$$Table$$Limit                     0x080058cc   Number         0  anon$$obj.o(Region$$Table)
    USBD_CDC_CfgHSDesc                       0x20000014   Data          67  usbd_cdc.o(.data)
    USBD_CDC_CfgFSDesc                       0x20000058   Data          67  usbd_cdc.o(.data)
    USBD_CDC_OtherSpeedCfgDesc               0x2000009c   Data          67  usbd_cdc.o(.data)
    USBD_CDC                                 0x200000e0   Data          56  usbd_cdc.o(.data)
    flag                                     0x20000118   Data           1  main.o(.data)
    read_value                               0x20000119   Data           2  main.o(.data)
    USBD_Interface_fops_FS                   0x2000011c   Data          16  usbd_cdc_if.o(.data)
    UserRxBufferFS                           0x2000012c   Data           4  usbd_cdc_if.o(.data)
    UserTxBufferFS                           0x20000130   Data           4  usbd_cdc_if.o(.data)
    FS_Desc                                  0x20000134   Data          28  usbd_desc.o(.data)
    USBD_LangIDDesc                          0x20000150   Data           4  usbd_desc.o(.data)
    USBD_FS_DeviceDesc                       0x20000154   Data          18  usbd_desc.o(.data)
    SystemCoreClock                          0x20000168   Data           4  system_stm32f4xx.o(.data)
    uwTick                                   0x2000016c   Data           4  stm32f4xx_hal.o(.data)
    __microlib_freelist                      0x20000170   Data           4  mvars.o(.data)
    __microlib_freelist_initialised          0x20000174   Data           4  mvars.o(.data)
    hdcmi                                    0x20000178   Data          64  main.o(.bss)
    hi2c1                                    0x200001b8   Data          84  main.o(.bss)
    htim3                                    0x2000020c   Data          60  main.o(.bss)
    huart1                                   0x20000248   Data          64  main.o(.bss)
    buffer                                   0x20000288   Data       76800  main.o(.bss)
    hdma_dcmi                                0x20012e88   Data          96  main.o(.bss)
    hpcd_USB_OTG_FS                          0x20012ee8   Data         952  usbd_conf.o(.bss)
    hUsbDeviceFS                             0x200132a0   Data         548  usb_device.o(.bss)
    USBD_StrDesc                             0x200134c4   Data         512  usbd_desc.o(.bss)
    __heap_base                              0x200136c8   Data           0  startup_stm32f407xx.o(HEAP)
    __heap_limit                             0x200138c8   Data           0  startup_stm32f407xx.o(HEAP)
    __initial_sp                             0x20013cc8   Data           0  startup_stm32f407xx.o(STACK)



==============================================================================

Memory Map of the image

  Image Entry point : 0x08000189

  Load Region LR_IROM1 (Base: 0x08000000, Size: 0x00005a44, Max: 0x00100000, ABSOLUTE, COMPRESSED[0x00005988])

    Execution Region ER_IROM1 (Base: 0x08000000, Size: 0x000058cc, Max: 0x00100000, ABSOLUTE)

    Base Addr    Size         Type   Attr      Idx    E Section Name        Object

    0x08000000   0x00000188   Data   RO         1064    RESET               startup_stm32f407xx.o
    0x08000188   0x00000000   Code   RO         4326  * .ARM.Collect$$$$00000000  mc_w.l(entry.o)
    0x08000188   0x00000004   Code   RO         4361    .ARM.Collect$$$$00000001  mc_w.l(entry2.o)
    0x0800018c   0x00000004   Code   RO         4364    .ARM.Collect$$$$00000004  mc_w.l(entry5.o)
    0x08000190   0x00000000   Code   RO         4366    .ARM.Collect$$$$00000008  mc_w.l(entry7b.o)
    0x08000190   0x00000000   Code   RO         4368    .ARM.Collect$$$$0000000A  mc_w.l(entry8b.o)
    0x08000190   0x00000008   Code   RO         4369    .ARM.Collect$$$$0000000B  mc_w.l(entry9a.o)
    0x08000198   0x00000000   Code   RO         4371    .ARM.Collect$$$$0000000D  mc_w.l(entry10a.o)
    0x08000198   0x00000000   Code   RO         4373    .ARM.Collect$$$$0000000F  mc_w.l(entry11a.o)
    0x08000198   0x00000004   Code   RO         4362    .ARM.Collect$$$$00002712  mc_w.l(entry2.o)
    0x0800019c   0x00000024   Code   RO         1065    .text               startup_stm32f407xx.o
    0x080001c0   0x00000024   Code   RO         4329    .text               mc_w.l(memcpya.o)
    0x080001e4   0x00000024   Code   RO         4377    .text               mc_w.l(init.o)
    0x08000208   0x00000056   Code   RO         4387    .text               mc_w.l(__dczerorl2.o)
    0x0800025e   0x00000004   Code   RO          581    i.CDC_Control_FS    usbd_cdc_if.o
    0x08000262   0x00000004   Code   RO          582    i.CDC_DeInit_FS     usbd_cdc_if.o
    0x08000266   0x00000002   PAD
    0x08000268   0x00000024   Code   RO          583    i.CDC_Init_FS       usbd_cdc_if.o
    0x0800028c   0x00000018   Code   RO          584    i.CDC_Receive_FS    usbd_cdc_if.o
    0x080002a4   0x00000018   Code   RO         3024    i.DCMI_DMAError     stm32f4xx_hal_dcmi.o
    0x080002bc   0x00000082   Code   RO         3025    i.DCMI_DMAXferCplt  stm32f4xx_hal_dcmi.o
    0x0800033e   0x00000002   PAD
    0x08000340   0x0000000c   Code   RO          928    i.DCMI_IRQHandler   stm32f4xx_it.o
    0x0800034c   0x0000098a   Code   RO          515    i.DCMI_OV9655_QQVGASizeSetup  main.o
    0x08000cd6   0x00000002   PAD
    0x08000cd8   0x00000024   Code   RO          516    i.DCMI_SingleRandomWrite  main.o
    0x08000cfc   0x00000018   Code   RO          929    i.DMA2_Stream1_IRQHandler  stm32f4xx_it.o
    0x08000d14   0x00000028   Code   RO         2666    i.DMA_CalcBaseAndBitshift  stm32f4xx_hal_dma.o
    0x08000d3c   0x00000054   Code   RO         2667    i.DMA_CheckFifoParam  stm32f4xx_hal_dma.o
    0x08000d90   0x0000001e   Code   RO         4270    i.DMA_MultiBufferSetConfig  stm32f4xx_hal_dma_ex.o
    0x08000dae   0x00000028   Code   RO         2668    i.DMA_SetConfig     stm32f4xx_hal_dma.o
    0x08000dd6   0x00000002   Code   RO          517    i.Error_Handler     main.o
    0x08000dd8   0x00000002   Code   RO         3030    i.HAL_DCMI_ErrorCallback  stm32f4xx_hal_dcmi.o
    0x08000dda   0x00000002   Code   RO         3031    i.HAL_DCMI_FrameEventCallback  stm32f4xx_hal_dcmi.o
    0x08000ddc   0x00000098   Code   RO         3034    i.HAL_DCMI_IRQHandler  stm32f4xx_hal_dcmi.o
    0x08000e74   0x000000a6   Code   RO         4128    i.HAL_DCMI_Init     stm32f4xx_hal_dcmi_ex.o
    0x08000f1a   0x00000002   Code   RO         3036    i.HAL_DCMI_LineEventCallback  stm32f4xx_hal_dcmi.o
    0x08000f1c   0x000000d8   Code   RO          987    i.HAL_DCMI_MspInit  stm32f4xx_hal_msp.o
    0x08000ff4   0x000000b8   Code   RO         3040    i.HAL_DCMI_Start_DMA  stm32f4xx_hal_dcmi.o
    0x080010ac   0x00000002   Code   RO         3043    i.HAL_DCMI_VsyncEventCallback  stm32f4xx_hal_dcmi.o
    0x080010ae   0x0000000e   Code   RO         4271    i.HAL_DMAEx_ChangeMemory  stm32f4xx_hal_dma_ex.o
    0x080010bc   0x00000994   Code   RO         4273    i.HAL_DMAEx_MultiBufferStart_IT  stm32f4xx_hal_dma_ex.o
    0x08001a50   0x00000024   Code   RO         2670    i.HAL_DMA_Abort_IT  stm32f4xx_hal_dma.o
    0x08001a74   0x000001a8   Code   RO         2674    i.HAL_DMA_IRQHandler  stm32f4xx_hal_dma.o
    0x08001c1c   0x000000d0   Code   RO         2675    i.HAL_DMA_Init      stm32f4xx_hal_dma.o
    0x08001cec   0x00000078   Code   RO         2679    i.HAL_DMA_Start_IT  stm32f4xx_hal_dma.o
    0x08001d64   0x00000016   Code   RO         2508    i.HAL_Delay         stm32f4xx_hal.o
    0x08001d7a   0x00000002   PAD
    0x08001d7c   0x000001c0   Code   RO         1666    i.HAL_GPIO_Init     stm32f4xx_hal_gpio.o
    0x08001f3c   0x0000000a   Code   RO         1670    i.HAL_GPIO_WritePin  stm32f4xx_hal_gpio.o
    0x08001f46   0x00000002   PAD
    0x08001f48   0x0000000c   Code   RO         2514    i.HAL_GetTick       stm32f4xx_hal.o
    0x08001f54   0x00000108   Code   RO         1991    i.HAL_I2C_Init      stm32f4xx_hal_i2c.o
    0x0800205c   0x000001ec   Code   RO         2007    i.HAL_I2C_Mem_Read  stm32f4xx_hal_i2c.o
    0x08002248   0x00000100   Code   RO         2010    i.HAL_I2C_Mem_Write  stm32f4xx_hal_i2c.o
    0x08002348   0x0000004c   Code   RO          989    i.HAL_I2C_MspInit   stm32f4xx_hal_msp.o
    0x08002394   0x00000010   Code   RO         2515    i.HAL_IncTick       stm32f4xx_hal.o
    0x080023a4   0x00000034   Code   RO         2516    i.HAL_Init          stm32f4xx_hal.o
    0x080023d8   0x00000028   Code   RO         2517    i.HAL_InitTick      stm32f4xx_hal.o
    0x08002400   0x00000058   Code   RO          990    i.HAL_MspInit       stm32f4xx_hal_msp.o
    0x08002458   0x00000016   Code   RO         2379    i.HAL_NVIC_ClearPendingIRQ  stm32f4xx_hal_cortex.o
    0x0800246e   0x00000016   Code   RO         2381    i.HAL_NVIC_EnableIRQ  stm32f4xx_hal_cortex.o
    0x08002484   0x00000040   Code   RO         2387    i.HAL_NVIC_SetPriority  stm32f4xx_hal_cortex.o
    0x080024c4   0x00000024   Code   RO         2388    i.HAL_NVIC_SetPriorityGrouping  stm32f4xx_hal_cortex.o
    0x080024e8   0x00000008   Code   RO         1289    i.HAL_PCDEx_SetRxFiFo  stm32f4xx_hal_pcd_ex.o
    0x080024f0   0x00000044   Code   RO         1290    i.HAL_PCDEx_SetTxFiFo  stm32f4xx_hal_pcd_ex.o
    0x08002534   0x00000008   Code   RO          637    i.HAL_PCD_ConnectCallback  usbd_conf.o
    0x0800253c   0x00000012   Code   RO          638    i.HAL_PCD_DataInStageCallback  usbd_conf.o
    0x0800254e   0x00000014   Code   RO          639    i.HAL_PCD_DataOutStageCallback  usbd_conf.o
    0x08002562   0x00000008   Code   RO          640    i.HAL_PCD_DisconnectCallback  usbd_conf.o
    0x0800256a   0x00000044   Code   RO         1774    i.HAL_PCD_EP_Close  stm32f4xx_hal_pcd.o
    0x080025ae   0x00000050   Code   RO         1775    i.HAL_PCD_EP_ClrStall  stm32f4xx_hal_pcd.o
    0x080025fe   0x00000014   Code   RO         1777    i.HAL_PCD_EP_GetRxCount  stm32f4xx_hal_pcd.o
    0x08002612   0x00000054   Code   RO         1778    i.HAL_PCD_EP_Open   stm32f4xx_hal_pcd.o
    0x08002666   0x00000002   PAD
    0x08002668   0x0000005e   Code   RO         1779    i.HAL_PCD_EP_Receive  stm32f4xx_hal_pcd.o
    0x080026c6   0x00000060   Code   RO         1780    i.HAL_PCD_EP_SetStall  stm32f4xx_hal_pcd.o
    0x08002726   0x00000056   Code   RO         1781    i.HAL_PCD_EP_Transmit  stm32f4xx_hal_pcd.o
    0x0800277c   0x000003fe   Code   RO         1783    i.HAL_PCD_IRQHandler  stm32f4xx_hal_pcd.o
    0x08002b7a   0x00000008   Code   RO          641    i.HAL_PCD_ISOINIncompleteCallback  usbd_conf.o
    0x08002b82   0x00000008   Code   RO          642    i.HAL_PCD_ISOOUTIncompleteCallback  usbd_conf.o
    0x08002b8a   0x00000002   PAD
    0x08002b8c   0x000000be   Code   RO         1786    i.HAL_PCD_Init      stm32f4xx_hal_pcd.o
    0x08002c4a   0x00000002   PAD
    0x08002c4c   0x00000064   Code   RO          644    i.HAL_PCD_MspInit   usbd_conf.o
    0x08002cb0   0x00000020   Code   RO          645    i.HAL_PCD_ResetCallback  usbd_conf.o
    0x08002cd0   0x00000008   Code   RO          646    i.HAL_PCD_ResumeCallback  usbd_conf.o
    0x08002cd8   0x00000008   Code   RO          647    i.HAL_PCD_SOFCallback  usbd_conf.o
    0x08002ce0   0x00000024   Code   RO         1792    i.HAL_PCD_SetAddress  stm32f4xx_hal_pcd.o
    0x08002d04   0x0000000e   Code   RO          648    i.HAL_PCD_SetupStageCallback  usbd_conf.o
    0x08002d12   0x0000002a   Code   RO         1794    i.HAL_PCD_Start     stm32f4xx_hal_pcd.o
    0x08002d3c   0x00000030   Code   RO          649    i.HAL_PCD_SuspendCallback  usbd_conf.o
    0x08002d6c   0x0000017c   Code   RO         1559    i.HAL_RCC_ClockConfig  stm32f4xx_hal_rcc.o
    0x08002ee8   0x0000000c   Code   RO         1564    i.HAL_RCC_GetHCLKFreq  stm32f4xx_hal_rcc.o
    0x08002ef4   0x00000030   Code   RO         1566    i.HAL_RCC_GetPCLK1Freq  stm32f4xx_hal_rcc.o
    0x08002f24   0x00000030   Code   RO         1567    i.HAL_RCC_GetPCLK2Freq  stm32f4xx_hal_rcc.o
    0x08002f54   0x00000070   Code   RO         1568    i.HAL_RCC_GetSysClockFreq  stm32f4xx_hal_rcc.o
    0x08002fc4   0x000002e4   Code   RO         1571    i.HAL_RCC_OscConfig  stm32f4xx_hal_rcc.o
    0x080032a8   0x00000018   Code   RO         2390    i.HAL_SYSTICK_CLKSourceConfig  stm32f4xx_hal_cortex.o
    0x080032c0   0x00000002   Code   RO         2391    i.HAL_SYSTICK_Callback  stm32f4xx_hal_cortex.o
    0x080032c2   0x00000028   Code   RO         2392    i.HAL_SYSTICK_Config  stm32f4xx_hal_cortex.o
    0x080032ea   0x00000008   Code   RO         2393    i.HAL_SYSTICK_IRQHandler  stm32f4xx_hal_cortex.o
    0x080032f2   0x00000050   Code   RO         1336    i.HAL_TIMEx_MasterConfigSynchronization  stm32f4xx_hal_tim_ex.o
    0x08003342   0x00000036   Code   RO         3216    i.HAL_TIM_Base_Init  stm32f4xx_hal_tim.o
    0x08003378   0x00000028   Code   RO          992    i.HAL_TIM_Base_MspInit  stm32f4xx_hal_msp.o
    0x080033a0   0x000000f2   Code   RO         3225    i.HAL_TIM_ConfigClockSource  stm32f4xx_hal_tim.o
    0x08003492   0x00000002   PAD
    0x08003494   0x00000030   Code   RO          993    i.HAL_TIM_MspPostInit  stm32f4xx_hal_msp.o
    0x080034c4   0x000000d0   Code   RO         3282    i.HAL_TIM_PWM_ConfigChannel  stm32f4xx_hal_tim.o
    0x08003594   0x00000036   Code   RO         3285    i.HAL_TIM_PWM_Init  stm32f4xx_hal_tim.o
    0x080035ca   0x00000002   Code   RO         3287    i.HAL_TIM_PWM_MspInit  stm32f4xx_hal_tim.o
    0x080035cc   0x00000038   Code   RO         3289    i.HAL_TIM_PWM_Start  stm32f4xx_hal_tim.o
    0x08003604   0x00000062   Code   RO         2788    i.HAL_UART_Init     stm32f4xx_hal_uart.o
    0x08003666   0x00000002   PAD
    0x08003668   0x0000004c   Code   RO          995    i.HAL_UART_MspInit  stm32f4xx_hal_msp.o
    0x080036b4   0x00000028   Code   RO         2029    i.I2C_IsAcknowledgeFailed  stm32f4xx_hal_i2c.o
    0x080036dc   0x000000f0   Code   RO         2038    i.I2C_RequestMemoryRead  stm32f4xx_hal_i2c.o
    0x080037cc   0x000000a0   Code   RO         2039    i.I2C_RequestMemoryWrite  stm32f4xx_hal_i2c.o
    0x0800386c   0x0000004e   Code   RO         2042    i.I2C_WaitOnBTFFlagUntilTimeout  stm32f4xx_hal_i2c.o
    0x080038ba   0x00000002   PAD
    0x080038bc   0x00000060   Code   RO         2043    i.I2C_WaitOnFlagUntilTimeout  stm32f4xx_hal_i2c.o
    0x0800391c   0x00000088   Code   RO         2044    i.I2C_WaitOnMasterAddressFlagUntilTimeout  stm32f4xx_hal_i2c.o
    0x080039a4   0x00000062   Code   RO         2045    i.I2C_WaitOnRXNEFlagUntilTimeout  stm32f4xx_hal_i2c.o
    0x08003a06   0x0000004e   Code   RO         2046    i.I2C_WaitOnTXEFlagUntilTimeout  stm32f4xx_hal_i2c.o
    0x08003a54   0x000000c0   Code   RO          518    i.MX_GPIO_Init      main.o
    0x08003b14   0x00000078   Code   RO          519    i.MX_TIM3_Init      main.o
    0x08003b8c   0x00000038   Code   RO          826    i.MX_USB_DEVICE_Init  usb_device.o
    0x08003bc4   0x00000020   Code   RO         2394    i.NVIC_SetPriority  stm32f4xx_hal_cortex.o
    0x08003be4   0x0000000c   Code   RO          930    i.OTG_FS_IRQHandler  stm32f4xx_it.o
    0x08003bf0   0x00000088   Code   RO         1797    i.PCD_WriteEmptyTxFifo  stm32f4xx_hal_pcd.o
    0x08003c78   0x00000002   Code   RO          931    i.PendSV_Handler    stm32f4xx_it.o
    0x08003c7a   0x00000002   Code   RO          932    i.SVC_Handler       stm32f4xx_it.o
    0x08003c7c   0x0000000e   Code   RO          933    i.SysTick_Handler   stm32f4xx_it.o
    0x08003c8a   0x00000002   PAD
    0x08003c8c   0x0000009c   Code   RO          520    i.SystemClock_Config  main.o
    0x08003d28   0x00000054   Code   RO         1073    i.SystemInit        system_stm32f4xx.o
    0x08003d7c   0x000000c0   Code   RO         3300    i.TIM_Base_SetConfig  stm32f4xx_hal_tim.o
    0x08003e3c   0x00000016   Code   RO         3301    i.TIM_CCxChannelCmd  stm32f4xx_hal_tim.o
    0x08003e52   0x00000014   Code   RO         3307    i.TIM_ETR_SetConfig  stm32f4xx_hal_tim.o
    0x08003e66   0x00000010   Code   RO         3308    i.TIM_ITRx_SetConfig  stm32f4xx_hal_tim.o
    0x08003e76   0x00000002   PAD
    0x08003e78   0x00000058   Code   RO         3309    i.TIM_OC1_SetConfig  stm32f4xx_hal_tim.o
    0x08003ed0   0x00000064   Code   RO         3310    i.TIM_OC2_SetConfig  stm32f4xx_hal_tim.o
    0x08003f34   0x00000060   Code   RO         3311    i.TIM_OC3_SetConfig  stm32f4xx_hal_tim.o
    0x08003f94   0x00000050   Code   RO         3312    i.TIM_OC4_SetConfig  stm32f4xx_hal_tim.o
    0x08003fe4   0x00000022   Code   RO         3314    i.TIM_TI1_ConfigInputStage  stm32f4xx_hal_tim.o
    0x08004006   0x00000024   Code   RO         3316    i.TIM_TI2_ConfigInputStage  stm32f4xx_hal_tim.o
    0x0800402a   0x00000002   PAD
    0x0800402c   0x000002ac   Code   RO         2810    i.UART_SetConfig    stm32f4xx_hal_uart.o
    0x080042d8   0x00000014   Code   RO          207    i.USBD_CDC_DataIn   usbd_cdc.o
    0x080042ec   0x0000002e   Code   RO          208    i.USBD_CDC_DataOut  usbd_cdc.o
    0x0800431a   0x0000003c   Code   RO          209    i.USBD_CDC_DeInit   usbd_cdc.o
    0x08004356   0x00000024   Code   RO          210    i.USBD_CDC_EP0_RxReady  usbd_cdc.o
    0x0800437a   0x00000002   PAD
    0x0800437c   0x0000000c   Code   RO          211    i.USBD_CDC_GetDeviceQualifierDescriptor  usbd_cdc.o
    0x08004388   0x0000000c   Code   RO          212    i.USBD_CDC_GetFSCfgDesc  usbd_cdc.o
    0x08004394   0x0000000c   Code   RO          213    i.USBD_CDC_GetHSCfgDesc  usbd_cdc.o
    0x080043a0   0x0000000c   Code   RO          214    i.USBD_CDC_GetOtherSpeedCfgDesc  usbd_cdc.o
    0x080043ac   0x00000088   Code   RO          215    i.USBD_CDC_Init     usbd_cdc.o
    0x08004434   0x00000028   Code   RO          216    i.USBD_CDC_ReceivePacket  usbd_cdc.o
    0x0800445c   0x00000010   Code   RO          217    i.USBD_CDC_RegisterInterface  usbd_cdc.o
    0x0800446c   0x0000000c   Code   RO          218    i.USBD_CDC_SetRxBuffer  usbd_cdc.o
    0x08004478   0x00000010   Code   RO          219    i.USBD_CDC_SetTxBuffer  usbd_cdc.o
    0x08004488   0x00000070   Code   RO          220    i.USBD_CDC_Setup    usbd_cdc.o
    0x080044f8   0x0000000e   Code   RO          377    i.USBD_ClrClassConfig  usbd_core.o
    0x08004506   0x00000010   Code   RO          317    i.USBD_CtlContinueRx  usbd_ioreq.o
    0x08004516   0x00000010   Code   RO          318    i.USBD_CtlContinueSendData  usbd_ioreq.o
    0x08004526   0x00000016   Code   RO            4    i.USBD_CtlError     usbd_ctlreq.o
    0x0800453c   0x0000001e   Code   RO          319    i.USBD_CtlPrepareRx  usbd_ioreq.o
    0x0800455a   0x00000016   Code   RO          320    i.USBD_CtlReceiveStatus  usbd_ioreq.o
    0x08004570   0x0000001a   Code   RO          321    i.USBD_CtlSendData  usbd_ioreq.o
    0x0800458a   0x00000016   Code   RO          322    i.USBD_CtlSendStatus  usbd_ioreq.o
    0x080045a0   0x00000020   Code   RO          860    i.USBD_FS_ConfigStrDescriptor  usbd_desc.o
    0x080045c0   0x0000000c   Code   RO          861    i.USBD_FS_DeviceDescriptor  usbd_desc.o
    0x080045cc   0x00000024   Code   RO          862    i.USBD_FS_InterfaceStrDescriptor  usbd_desc.o
    0x080045f0   0x0000000c   Code   RO          863    i.USBD_FS_LangIDStrDescriptor  usbd_desc.o
    0x080045fc   0x00000020   Code   RO          864    i.USBD_FS_ManufacturerStrDescriptor  usbd_desc.o
    0x0800461c   0x0000001c   Code   RO          865    i.USBD_FS_ProductStrDescriptor  usbd_desc.o
    0x08004638   0x00000024   Code   RO          866    i.USBD_FS_SerialStrDescriptor  usbd_desc.o
    0x0800465c   0x000000e0   Code   RO            5    i.USBD_GetDescriptor  usbd_ctlreq.o
    0x0800473c   0x00000046   Code   RO            6    i.USBD_GetString    usbd_ctlreq.o
    0x08004782   0x0000002a   Code   RO          379    i.USBD_Init         usbd_core.o
    0x080047ac   0x0000000e   Code   RO          650    i.USBD_LL_ClearStallEP  usbd_conf.o
    0x080047ba   0x0000000e   Code   RO          651    i.USBD_LL_CloseEP   usbd_conf.o
    0x080047c8   0x000000aa   Code   RO          380    i.USBD_LL_DataInStage  usbd_core.o
    0x08004872   0x0000006a   Code   RO          381    i.USBD_LL_DataOutStage  usbd_core.o
    0x080048dc   0x00000004   Code   RO          382    i.USBD_LL_DevConnected  usbd_core.o
    0x080048e0   0x00000016   Code   RO          383    i.USBD_LL_DevDisconnected  usbd_core.o
    0x080048f6   0x00000008   Code   RO          655    i.USBD_LL_GetRxDataSize  usbd_conf.o
    0x080048fe   0x00000002   PAD
    0x08004900   0x00000064   Code   RO          656    i.USBD_LL_Init      usbd_conf.o
    0x08004964   0x00000020   Code   RO          657    i.USBD_LL_IsStallEP  usbd_conf.o
    0x08004984   0x00000004   Code   RO          384    i.USBD_LL_IsoINIncomplete  usbd_core.o
    0x08004988   0x00000004   Code   RO          385    i.USBD_LL_IsoOUTIncomplete  usbd_core.o
    0x0800498c   0x00000014   Code   RO          658    i.USBD_LL_OpenEP    usbd_conf.o
    0x080049a0   0x0000000e   Code   RO          659    i.USBD_LL_PrepareReceive  usbd_conf.o
    0x080049ae   0x0000003e   Code   RO          386    i.USBD_LL_Reset     usbd_core.o
    0x080049ec   0x0000000c   Code   RO          387    i.USBD_LL_Resume    usbd_core.o
    0x080049f8   0x00000018   Code   RO          388    i.USBD_LL_SOF       usbd_core.o
    0x08004a10   0x00000006   Code   RO          389    i.USBD_LL_SetSpeed  usbd_core.o
    0x08004a16   0x0000000e   Code   RO          660    i.USBD_LL_SetUSBAddress  usbd_conf.o
    0x08004a24   0x0000005a   Code   RO          390    i.USBD_LL_SetupStage  usbd_core.o
    0x08004a7e   0x0000000e   Code   RO          661    i.USBD_LL_StallEP   usbd_conf.o
    0x08004a8c   0x0000000e   Code   RO          662    i.USBD_LL_Start     usbd_conf.o
    0x08004a9a   0x00000012   Code   RO          391    i.USBD_LL_Suspend   usbd_core.o
    0x08004aac   0x0000000e   Code   RO          664    i.USBD_LL_Transmit  usbd_conf.o
    0x08004aba   0x00000028   Code   RO            7    i.USBD_ParseSetupRequest  usbd_ctlreq.o
    0x08004ae2   0x00000010   Code   RO          392    i.USBD_RegisterClass  usbd_core.o
    0x08004af2   0x00000016   Code   RO          394    i.USBD_SetClassConfig  usbd_core.o
    0x08004b08   0x00000074   Code   RO            8    i.USBD_SetConfig    usbd_ctlreq.o
    0x08004b7c   0x0000000a   Code   RO          395    i.USBD_Start        usbd_core.o
    0x08004b86   0x000000f2   Code   RO            9    i.USBD_StdDevReq    usbd_ctlreq.o
    0x08004c78   0x000000dc   Code   RO           10    i.USBD_StdEPReq     usbd_ctlreq.o
    0x08004d54   0x00000034   Code   RO           11    i.USBD_StdItfReq    usbd_ctlreq.o
    0x08004d88   0x00000080   Code   RO         3846    i.USB_ActivateEndpoint  stm32f4xx_ll_usb.o
    0x08004e08   0x00000034   Code   RO         3847    i.USB_ActivateSetup  stm32f4xx_ll_usb.o
    0x08004e3c   0x00000064   Code   RO         3849    i.USB_CoreInit      stm32f4xx_ll_usb.o
    0x08004ea0   0x00000038   Code   RO         3850    i.USB_CoreReset     stm32f4xx_ll_usb.o
    0x08004ed8   0x0000006e   Code   RO         3852    i.USB_DeactivateEndpoint  stm32f4xx_ll_usb.o
    0x08004f46   0x00000018   Code   RO         3853    i.USB_DevConnect    stm32f4xx_ll_usb.o
    0x08004f5e   0x00000018   Code   RO         3854    i.USB_DevDisconnect  stm32f4xx_ll_usb.o
    0x08004f76   0x00000002   PAD
    0x08004f78   0x00000144   Code   RO         3855    i.USB_DevInit       stm32f4xx_ll_usb.o
    0x080050bc   0x0000000c   Code   RO         3856    i.USB_DisableGlobalInt  stm32f4xx_ll_usb.o
    0x080050c8   0x00000140   Code   RO         3859    i.USB_EP0StartXfer  stm32f4xx_ll_usb.o
    0x08005208   0x0000003e   Code   RO         3860    i.USB_EP0_OutStart  stm32f4xx_ll_usb.o
    0x08005246   0x00000064   Code   RO         3861    i.USB_EPClearStall  stm32f4xx_ll_usb.o
    0x080052aa   0x0000005e   Code   RO         3862    i.USB_EPSetStall    stm32f4xx_ll_usb.o
    0x08005308   0x0000021c   Code   RO         3863    i.USB_EPStartXfer   stm32f4xx_ll_usb.o
    0x08005524   0x0000000c   Code   RO         3864    i.USB_EnableGlobalInt  stm32f4xx_ll_usb.o
    0x08005530   0x00000020   Code   RO         3865    i.USB_FlushRxFifo   stm32f4xx_ll_usb.o
    0x08005550   0x00000024   Code   RO         3866    i.USB_FlushTxFifo   stm32f4xx_ll_usb.o
    0x08005574   0x0000003c   Code   RO         3868    i.USB_GetDevSpeed   stm32f4xx_ll_usb.o
    0x080055b0   0x00000008   Code   RO         3870    i.USB_GetMode       stm32f4xx_ll_usb.o
    0x080055b8   0x0000000e   Code   RO         3877    i.USB_ReadDevAllInEpInterrupt  stm32f4xx_ll_usb.o
    0x080055c6   0x0000000e   Code   RO         3878    i.USB_ReadDevAllOutEpInterrupt  stm32f4xx_ll_usb.o
    0x080055d4   0x0000001e   Code   RO         3879    i.USB_ReadDevInEPInterrupt  stm32f4xx_ll_usb.o
    0x080055f2   0x00000010   Code   RO         3880    i.USB_ReadDevOutEPInterrupt  stm32f4xx_ll_usb.o
    0x08005602   0x00000008   Code   RO         3881    i.USB_ReadInterrupts  stm32f4xx_ll_usb.o
    0x0800560a   0x00000020   Code   RO         3882    i.USB_ReadPacket    stm32f4xx_ll_usb.o
    0x0800562a   0x0000002c   Code   RO         3884    i.USB_SetCurrentMode  stm32f4xx_ll_usb.o
    0x08005656   0x00000022   Code   RO         3885    i.USB_SetDevAddress  stm32f4xx_ll_usb.o
    0x08005678   0x00000028   Code   RO         3889    i.USB_WritePacket   stm32f4xx_ll_usb.o
    0x080056a0   0x0000000e   Code   RO         4381    i.__scatterload_copy  mc_w.l(handlers.o)
    0x080056ae   0x00000002   Code   RO         4382    i.__scatterload_null  mc_w.l(handlers.o)
    0x080056b0   0x0000000e   Code   RO         4383    i.__scatterload_zeroinit  mc_w.l(handlers.o)
    0x080056be   0x00000002   PAD
    0x080056c0   0x00000050   Code   RO         4333    i.free              mc_w.l(malloc.o)
    0x08005710   0x00000118   Code   RO          521    i.main              main.o
    0x08005828   0x0000006c   Code   RO         4334    i.malloc            mc_w.l(malloc.o)
    0x08005894   0x00000010   Data   RO         1572    .constdata          stm32f4xx_hal_rcc.o
    0x080058a4   0x00000008   Data   RO         2681    .constdata          stm32f4xx_hal_dma.o
    0x080058ac   0x00000020   Data   RO         4379    Region$$Table       anon$$obj.o


    Execution Region RW_IRAM1 (Base: 0x20000000, Size: 0x00013cc8, Max: 0x00020000, ABSOLUTE, COMPRESSED[0x000000bc])

    Base Addr    Size         Type   Attr      Idx    E Section Name        Object

    0x20000000   0x00000001   Data   RW           12    .data               usbd_ctlreq.o
    0x20000001   0x00000003   PAD
    0x20000004   0x000000db   Data   RW          222    .data               usbd_cdc.o
    0x200000df   0x00000001   PAD
    0x200000e0   0x00000038   Data   RW          223    .data               usbd_cdc.o
    0x20000118   0x00000003   Data   RW          524    .data               main.o
    0x2000011b   0x00000001   PAD
    0x2000011c   0x00000010   Data   RW          586    .data               usbd_cdc_if.o
    0x2000012c   0x00000008   Data   RW          587    .data               usbd_cdc_if.o
    0x20000134   0x0000001c   Data   RW          868    .data               usbd_desc.o
    0x20000150   0x00000016   Data   RW          869    .data               usbd_desc.o
    0x20000166   0x00000002   PAD
    0x20000168   0x00000004   Data   RW         1075    .data               system_stm32f4xx.o
    0x2000016c   0x00000004   Data   RW         2522    .data               stm32f4xx_hal.o
    0x20000170   0x00000004   Data   RW         4375    .data               mc_w.l(mvars.o)
    0x20000174   0x00000004   Data   RW         4376    .data               mc_w.l(mvars.o)
    0x20000178   0x00012d10   Zero   RW          522    .bss                main.o
    0x20012e88   0x00000060   Zero   RW          523    .bss                main.o
    0x20012ee8   0x000003b8   Zero   RW          665    .bss                usbd_conf.o
    0x200132a0   0x00000224   Zero   RW          827    .bss                usb_device.o
    0x200134c4   0x00000200   Zero   RW          867    .bss                usbd_desc.o
    0x200136c4   0x00000004   PAD
    0x200136c8   0x00000200   Zero   RW         1063    HEAP                startup_stm32f407xx.o
    0x200138c8   0x00000400   Zero   RW         1062    STACK               startup_stm32f407xx.o


==============================================================================

Image component sizes


      Code (inc. data)   RO Data    RW Data    ZI Data      Debug   Object Name

      3228         70          0          3      77168       6876   main.o
        36          8        392          0       1536        828   startup_stm32f407xx.o
       142         22          0          4          0       4351   stm32f4xx_hal.o
       250         14          0          0          0      33044   stm32f4xx_hal_cortex.o
       498         14          0          0          0       5909   stm32f4xx_hal_dcmi.o
       166          0          0          0          0       1156   stm32f4xx_hal_dcmi_ex.o
       952         22          8          0          0       6666   stm32f4xx_hal_dma.o
      2496         22          0          0          0       3489   stm32f4xx_hal_dma_ex.o
       458         50          0          0          0       2600   stm32f4xx_hal_gpio.o
      1938         34          0          0          0      13102   stm32f4xx_hal_i2c.o
       544         76          0          0          0       4355   stm32f4xx_hal_msp.o
      1954          0          0          0          0      11565   stm32f4xx_hal_pcd.o
        76          0          0          0          0       1916   stm32f4xx_hal_pcd_ex.o
      1340         76         16          0          0       6091   stm32f4xx_hal_rcc.o
      1300         88          0          0          0      12894   stm32f4xx_hal_tim.o
        80          0          0          0          0       1340   stm32f4xx_hal_tim_ex.o
       782          8          0          0          0       2120   stm32f4xx_hal_uart.o
        66         18          0          0          0       2953   stm32f4xx_it.o
      2326         52          0          0          0      20876   stm32f4xx_ll_usb.o
        84         18          0          4          0       1413   system_stm32f4xx.o
        56         18          0          0        548        768   usb_device.o
       542         22          0        275          0      12724   usbd_cdc.o
        68         14          0         24          0       4449   usbd_cdc_if.o
       538         18          0          0        952      14326   usbd_conf.o
       626          0          0          0          0      12422   usbd_core.o
       986         30          0          1          0     348860   usbd_ctlreq.o
       188         92          0         50        512       5327   usbd_desc.o
       132          0          0          0          0       4668   usbd_ioreq.o

    ----------------------------------------------------------------------
     21886        786        448        368      80720     547088   Object Totals
         0          0         32          0          0          0   (incl. Generated)
        34          0          0          7          4          0   (incl. Padding)

    ----------------------------------------------------------------------

      Code (inc. data)   RO Data    RW Data    ZI Data      Debug   Library Member Name

        86          0          0          0          0          0   __dczerorl2.o
         0          0          0          0          0          0   entry.o
         0          0          0          0          0          0   entry10a.o
         0          0          0          0          0          0   entry11a.o
         8          4          0          0          0          0   entry2.o
         4          0          0          0          0          0   entry5.o
         0          0          0          0          0          0   entry7b.o
         0          0          0          0          0          0   entry8b.o
         8          4          0          0          0          0   entry9a.o
        30          0          0          0          0          0   handlers.o
        36          8          0          0          0         68   init.o
       188         20          0          0          0        160   malloc.o
        36          0          0          0          0         68   memcpya.o
         0          0          0          8          0          0   mvars.o

    ----------------------------------------------------------------------
       398         36          0          8          0        296   Library Totals
         2          0          0          0          0          0   (incl. Padding)

    ----------------------------------------------------------------------

      Code (inc. data)   RO Data    RW Data    ZI Data      Debug   Library Name

       396         36          0          8          0        296   mc_w.l

    ----------------------------------------------------------------------
       398         36          0          8          0        296   Library Totals

    ----------------------------------------------------------------------

==============================================================================


      Code (inc. data)   RO Data    RW Data    ZI Data      Debug   

     22284        822        448        376      80720     527064   Grand Totals
     22284        822        448        188      80720     527064   ELF Image Totals (compressed)
     22284        822        448        188          0          0   ROM Totals

==============================================================================

    Total RO  Size (Code + RO Data)                22732 (  22.20kB)
    Total RW  Size (RW Data + ZI Data)             81096 (  79.20kB)
    Total ROM Size (Code + RO Data + RW Data)      22920 (  22.38kB)

==============================================================================

